
R version 3.1.2 (2014-10-31) -- "Pumpkin Helmet"
Copyright (C) 2014 The R Foundation for Statistical Computing
Platform: x86_64-w64-mingw32/x64 (64-bit)

R is free software and comes with ABSOLUTELY NO WARRANTY.
You are welcome to redistribute it under certain conditions.
Type 'license()' or 'licence()' for distribution details.

  Natural language support but running in an English locale

R is a collaborative project with many contributors.
Type 'contributors()' for more information and
'citation()' on how to cite R or R packages in publications.

Type 'demo()' for some demos, 'help()' for on-line help, or
'help.start()' for an HTML browser interface to help.
Type 'q()' to quit R.

> q()
> utils:::menuInstallPkgs()
--- Please select a CRAN mirror for use in this session ---
trying URL 'http://cran.cnr.Berkeley.edu/bin/windows/contrib/3.1/KernSmooth_2.23-15.zip'
Content type 'application/zip' length 104959 bytes (102 Kb)
opened URL
downloaded 102 Kb

package ‘KernSmooth’ successfully unpacked and MD5 sums checked

The downloaded binary packages are in
        C:\Users\sshukla\AppData\Local\Temp\RtmpQzWYE5\downloaded_packages
> library(KernSmooth)
KernSmooth 2.23 loaded
Copyright M. P. Wand 1997-2009
Warning message:
package ‘KernSmooth’ was built under R version 3.1.3 
> getwd(
+ )
[1] "C:/Users/sshukla/Documents"
> dir()
character(0)
> getwd()
[1] "C:/Users/sshukla/class_2"
> dir()
[1] "README.md"
> myfunction <- function() {
+ x <- rnorm(100)
+ mean(x)
+ }
> }myfunction()
Error: unexpected '}' in "}"
> myfunction()
[1] 0.02332674
> myfunction()
[1] -0.0376648
> dir()
[1] "mycode.R"  "README.md"
> source(mycode.R)
Error in source(mycode.R) : object 'mycode.R' not found
> source("mycode.R")
> ls
function (name, pos = -1L, envir = as.environment(pos), all.names = FALSE, 
    pattern) 
{
    if (!missing(name)) {
        pos <- tryCatch(name, error = function(e) e)
        if (inherits(pos, "error")) {
            name <- substitute(name)
            if (!is.character(name)) 
                name <- deparse(name)
            warning(gettextf("%s converted to character string", 
                sQuote(name)), domain = NA)
            pos <- name
        }
    }
    all.names <- .Internal(ls(envir, all.names))
    if (!missing(pattern)) {
        if ((ll <- length(grep("[", pattern, fixed = TRUE))) && 
            ll != length(grep("]", pattern, fixed = TRUE))) {
            if (pattern == "[") {
                pattern <- "\\["
                warning("replaced regular expression pattern '[' by  '\\\\['")
            }
            else if (length(grep("[^\\\\]\\[<-", pattern))) {
                pattern <- sub("\\[<-", "\\\\\\[<-", pattern)
                warning("replaced '[<-' by '\\\\[<-' in regular expression pattern")
            }
        }
        grep(pattern, all.names, value = TRUE)
    }
    else all.names
}
<bytecode: 0x000000000f1cc7c0>
<environment: namespace:base>
> ls()
[1] "myfunction"
> source("mycode.R")
> ls
function (name, pos = -1L, envir = as.environment(pos), all.names = FALSE, 
    pattern) 
{
    if (!missing(name)) {
        pos <- tryCatch(name, error = function(e) e)
        if (inherits(pos, "error")) {
            name <- substitute(name)
            if (!is.character(name)) 
                name <- deparse(name)
            warning(gettextf("%s converted to character string", 
                sQuote(name)), domain = NA)
            pos <- name
        }
    }
    all.names <- .Internal(ls(envir, all.names))
    if (!missing(pattern)) {
        if ((ll <- length(grep("[", pattern, fixed = TRUE))) && 
            ll != length(grep("]", pattern, fixed = TRUE))) {
            if (pattern == "[") {
                pattern <- "\\["
                warning("replaced regular expression pattern '[' by  '\\\\['")
            }
            else if (length(grep("[^\\\\]\\[<-", pattern))) {
                pattern <- sub("\\[<-", "\\\\\\[<-", pattern)
                warning("replaced '[<-' by '\\\\[<-' in regular expression pattern")
            }
        }
        grep(pattern, all.names, value = TRUE)
    }
    else all.names
}
<bytecode: 0x000000000f1cc7c0>
<environment: namespace:base>
> ls()
[1] "myfunction" "second"    
> second(4)
[1] 6.044373
> second(4:10)
[1]  4.596144  5.232019  6.112870  8.625214  8.383270  9.972025 12.145336
> a,-1
Error: unexpected ',' in "a,"
> a<- 1
> a
[1] 1
> msg<- "hello"
> print(msg)
[1] "hello"
> x <- 1:20
> x
 [1]  1  2  3  4  5  6  7  8  9 10 11 12 13 14 15 16 17 18 19 20
> print(x)
 [1]  1  2  3  4  5  6  7  8  9 10 11 12 13 14 15 16 17 18 19 20
> getwd(
+ )
[1] "C:/Users/sshukla/class_2"
> y<- data.frame(a=1,b="a", c = "TRUE")
> dput(y)
structure(list(a = 1, b = structure(1L, .Label = "a", class = "factor"), 
    c = structure(1L, .Label = "TRUE", class = "factor")), .Names = c("a", 
"b", "c"), row.names = c(NA, -1L), class = "data.frame")
> dput(y,file=y.R)
Error in dput(y, file = y.R) : object 'y.R' not found
> dput(y,file="y.R")
> new.y <- dget("y.R")
> new.y
  a b    c
1 1 a TRUE
> x<-"foo"
> dump(c("x", "y") , file="data.R")
> rm(x,y)
> source("data.R")
> x
[1] "foo"
> y
  a b    c
1 1 a TRUE
> rm(x,y)
> x
Error: object 'x' not found
> y
Error: object 'y' not found
> source("data.R")
> x
[1] "foo"
> y
  a b    c
1 1 a TRUE
> con <- url("http://www.businessinsider.com", "r")
> x<- readLines(con)
> head(x)
[1] "<!DOCTYPE html>"                                                                                                                                                                                                                                                                                                                                                                                                                                                                                                                                                                                                                                                                                                                                                                                                                                                                                                                                                                                                                                                                                                                                                                                                                                                                                                                                                                                                                                                                                                                                                                                                                                                                                                                                                                                                                                                                                                                                                                                                                                                                                                                                                                                                                                                                                                                                                                                                                                                                                                                                                                                                                                                                                                                                                                                                                                                                                                                                                                                                                                                                                                                                                                                                                                                                                                                                                                                                                                                                                                                                                                                                                                                                                                                                                                                                                                                                                                                                                                                                                                                                                                                                                                                                                                                                                                                                                                                                                                                                                                                                                                                                                                                                                                                                                                                                                                                                                                                                                                                                                                                                                                                                                                                                                                                                                                                                                                                                                                                                                                                                                                                                                                                                                                                                                                                                                                                                                                                                                                                                                                                                                                                                                                                                                                                                                                                                                                                                                                                                                                                                                                                                                                                                                                                                                                                                                                                                                                                                                                                                                                                                                                                                                                                                                                                                                                                                                                                                                                                                                                                                                                                                                                                                                                                                                                                                                                                                                                                                                                                                                                                                                                                                                                                                                                                                                                                                                                                                                                                                                                                                                                                                                                                                                                                                                                                                                                                                                                                                                                                                                                                                                                                                                                                                                                                                                                                                                                                                                                                                                                                                                                                                                                                                                                                                                                                                                                                                                                                                                                                                                                                                                                                                                                                                                                                                                                                                                                                                                                                                                                                                                                                                                                                                                                                                                                                                                                                                                                                                                                                                                                                                                                                                                                                                                                                                                                                                                                                                                                                                                                                                                                                                                                                                                                                                                                                                                                                                                                                                                                                                                                                                                                                                                                                                                                                                                                                                                                                                                                                                                                                                                                                                                                                                                                                                                                                                                                                                                                                                                                                                                                                                                                                                                                                                                                                                                                                                                                                                                                                                                                                                                                                                                                                                                                                                                                                                                                                                                                                                                                                                                                                                                                                                                                                                                                                                                                                                                                                                                                                                                                                                                                                                                                                                                                                                                                                                                                                               
[2] "<html lang=\"en\" xmlns=\"http://www.w3.org/1999/xhtml\" xml:lang=\"en\" lang=\"en\" xmlns:fb=\"http://www.facebook.com/2008/fbml\" >"                                                                                                                                                                                                                                                                                                                                                                                                                                                                                                                                                                                                                                                                                                                                                                                                                                                                                                                                                                                                                                                                                                                                                                                                                                                                                                                                                                                                                                                                                                                                                                                                                                                                                                                                                                                                                                                                                                                                                                                                                                                                                                                                                                                                                                                                                                                                                                                                                                                                                                                                                                                                                                                                                                                                                                                                                                                                                                                                                                                                                                                                                                                                                                                                                                                                                                                                                                                                                                                                                                                                                                                                                                                                                                                                                                                                                                                                                                                                                                                                                                                                                                                                                                                                                                                                                                                                                                                                                                                                                                                                                                                                                                                                                                                                                                                                                                                                                                                                                                                                                                                                                                                                                                                                                                                                                                                                                                                                                                                                                                                                                                                                                                                                                                                                                                                                                                                                                                                                                                                                                                                                                                                                                                                                                                                                                                                                                                                                                                                                                                                                                                                                                                                                                                                                                                                                                                                                                                                                                                                                                                                                                                                                                                                                                                                                                                                                                                                                                                                                                                                                                                                                                                                                                                                                                                                                                                                                                                                                                                                                                                                                                                                                                                                                                                                                                                                                                                                                                                                                                                                                                                                                                                                                                                                                                                                                                                                                                                                                                                                                                                                                                                                                                                                                                                                                                                                                                                                                                                                                                                                                                                                                                                                                                                                                                                                                                                                                                                                                                                                                                                                                                                                                                                                                                                                                                                                                                                                                                                                                                                                                                                                                                                                                                                                                                                                                                                                                                                                                                                                                                                                                                                                                                                                                                                                                                                                                                                                                                                                                                                                                                                                                                                                                                                                                                                                                                                                                                                                                                                                                                                                                                                                                                                                                                                                                                                                                                                                                                                                                                                                                                                                                                                                                                                                                                                                                                                                                                                                                                                                                                                                                                                                                                                                                                                                                                                                                                                                                                                                                                                                                                                                                                                                                                                                                                                                                                                                                                                                                                                                                                                                                                                                                                                                                                                                                                                                                                                                                                                                                                                                                                                                                                                                                                                                                         
[3] "<head>"                                                                                                                                                                                                                                                                                                                                                                                                                                                                                                                                                                                                                                                                                                                                                                                                                                                                                                                                                                                                                                                                                                                                                                                                                                                                                                                                                                                                                                                                                                                                                                                                                                                                                                                                                                                                                                                                                                                                                                                                                                                                                                                                                                                                                                                                                                                                                                                                                                                                                                                                                                                                                                                                                                                                                                                                                                                                                                                                                                                                                                                                                                                                                                                                                                                                                                                                                                                                                                                                                                                                                                                                                                                                                                                                                                                                                                                                                                                                                                                                                                                                                                                                                                                                                                                                                                                                                                                                                                                                                                                                                                                                                                                                                                                                                                                                                                                                                                                                                                                                                                                                                                                                                                                                                                                                                                                                                                                                                                                                                                                                                                                                                                                                                                                                                                                                                                                                                                                                                                                                                                                                                                                                                                                                                                                                                                                                                                                                                                                                                                                                                                                                                                                                                                                                                                                                                                                                                                                                                                                                                                                                                                                                                                                                                                                                                                                                                                                                                                                                                                                                                                                                                                                                                                                                                                                                                                                                                                                                                                                                                                                                                                                                                                                                                                                                                                                                                                                                                                                                                                                                                                                                                                                                                                                                                                                                                                                                                                                                                                                                                                                                                                                                                                                                                                                                                                                                                                                                                                                                                                                                                                                                                                                                                                                                                                                                                                                                                                                                                                                                                                                                                                                                                                                                                                                                                                                                                                                                                                                                                                                                                                                                                                                                                                                                                                                                                                                                                                                                                                                                                                                                                                                                                                                                                                                                                                                                                                                                                                                                                                                                                                                                                                                                                                                                                                                                                                                                                                                                                                                                                                                                                                                                                                                                                                                                                                                                                                                                                                                                                                                                                                                                                                                                                                                                                                                                                                                                                                                                                                                                                                                                                                                                                                                                                                                                                                                                                                                                                                                                                                                                                                                                                                                                                                                                                                                                                                                                                                                                                                                                                                                                                                                                                                                                                                                                                                                                                                                                                                                                                                                                                                                                                                                                                                                                                                                                                                                                        
[4] "    <meta http-equiv=\"X-UA-Compatible\" content=\"IE=edge\" />"                                                                                                                                                                                                                                                                                                                                                                                                                                                                                                                                                                                                                                                                                                                                                                                                                                                                                                                                                                                                                                                                                                                                                                                                                                                                                                                                                                                                                                                                                                                                                                                                                                                                                                                                                                                                                                                                                                                                                                                                                                                                                                                                                                                                                                                                                                                                                                                                                                                                                                                                                                                                                                                                                                                                                                                                                                                                                                                                                                                                                                                                                                                                                                                                                                                                                                                                                                                                                                                                                                                                                                                                                                                                                                                                                                                                                                                                                                                                                                                                                                                                                                                                                                                                                                                                                                                                                                                                                                                                                                                                                                                                                                                                                                                                                                                                                                                                                                                                                                                                                                                                                                                                                                                                                                                                                                                                                                                                                                                                                                                                                                                                                                                                                                                                                                                                                                                                                                                                                                                                                                                                                                                                                                                                                                                                                                                                                                                                                                                                                                                                                                                                                                                                                                                                                                                                                                                                                                                                                                                                                                                                                                                                                                                                                                                                                                                                                                                                                                                                                                                                                                                                                                                                                                                                                                                                                                                                                                                                                                                                                                                                                                                                                                                                                                                                                                                                                                                                                                                                                                                                                                                                                                                                                                                                                                                                                                                                                                                                                                                                                                                                                                                                                                                                                                                                                                                                                                                                                                                                                                                                                                                                                                                                                                                                                                                                                                                                                                                                                                                                                                                                                                                                                                                                                                                                                                                                                                                                                                                                                                                                                                                                                                                                                                                                                                                                                                                                                                                                                                                                                                                                                                                                                                                                                                                                                                                                                                                                                                                                                                                                                                                                                                                                                                                                                                                                                                                                                                                                                                                                                                                                                                                                                                                                                                                                                                                                                                                                                                                                                                                                                                                                                                                                                                                                                                                                                                                                                                                                                                                                                                                                                                                                                                                                                                                                                                                                                                                                                                                                                                                                                                                                                                                                                                                                                                                                                                                                                                                                                                                                                                                                                                                                                                                                                                                                                                                                                                                                                                                                                                                                                                                                                                                                                                                                                                                                               
[5] "    <meta http-equiv=\"content-type\" content=\"text/html;charset=utf-8\" /><script type=\"text/javascript\">(window.NREUM||(NREUM={})).loader_config={xpid:\"UQ8EUVRACgUEUlVRBg==\"};window.NREUM||(NREUM={}),__nr_require=function(t,e,n){function r(n){if(!e[n]){var o=e[n]={exports:{}};t[n][0].call(o.exports,function(e){var o=t[n][1][e];return r(o?o:e)},o,o.exports)}return e[n].exports}if(\"function\"==typeof __nr_require)return __nr_require;for(var o=0;o<n.length;o++)r(n[o]);return r}({QJf3ax:[function(t,e){function n(t){function e(e,n,a){t&&t(e,n,a),a||(a={});for(var c=s(e),f=c.length,u=i(a,o,r),d=0;f>d;d++)c[d].apply(u,n);return u}function a(t,e){f[t]=s(t).concat(e)}function s(t){return f[t]||[]}function c(){return n(e)}var f={};return{on:a,emit:e,create:c,listeners:s,_events:f}}function r(){return{}}var o=\"nr@context\",i=t(\"gos\");e.exports=n()},{gos:\"7eSDFh\"}],ee:[function(t,e){e.exports=t(\"QJf3ax\")},{}],3:[function(t){function e(t){try{i.console&&console.log(t)}catch(e){}}var n,r=t(\"ee\"),o=t(1),i={};try{n=localStorage.getItem(\"__nr_flags\").split(\",\"),console&&\"function\"==typeof console.log&&(i.console=!0,-1!==n.indexOf(\"dev\")&&(i.dev=!0),-1!==n.indexOf(\"nr_dev\")&&(i.nrDev=!0))}catch(a){}i.nrDev&&r.on(\"internal-error\",function(t){e(t.stack)}),i.dev&&r.on(\"fn-err\",function(t,n,r){e(r.stack)}),i.dev&&(e(\"NR AGENT IN DEVELOPMENT MODE\"),e(\"flags: \"+o(i,function(t){return t}).join(\", \")))},{1:23,ee:\"QJf3ax\"}],4:[function(t){function e(t,e,n,i,s){try{c?c-=1:r(\"err\",[s||new UncaughtException(t,e,n)])}catch(f){try{r(\"ierr\",[f,(new Date).getTime(),!0])}catch(u){}}return\"function\"==typeof a?a.apply(this,o(arguments)):!1}function UncaughtException(t,e,n){this.message=t||\"Uncaught error with no additional information\",this.sourceURL=e,this.line=n}function n(t){r(\"err\",[t,(new Date).getTime()])}var r=t(\"handle\"),o=t(6),i=t(\"ee\"),a=window.onerror,s=!1,c=0;t(\"loader\").features.err=!0,t(5),window.onerror=e;try{throw new Error}catch(f){\"stack\"in f&&(t(1),t(2),\"addEventListener\"in window&&t(3),window.XMLHttpRequest&&XMLHttpRequest.prototype&&XMLHttpRequest.prototype.addEventListener&&window.XMLHttpRequest&&XMLHttpRequest.prototype&&XMLHttpRequest.prototype.addEventListener&&!/CriOS/.test(navigator.userAgent)&&t(4),s=!0)}i.on(\"fn-start\",function(){s&&(c+=1)}),i.on(\"fn-err\",function(t,e,r){s&&(this.thrown=!0,n(r))}),i.on(\"fn-end\",function(){s&&!this.thrown&&c>0&&(c-=1)}),i.on(\"internal-error\",function(t){r(\"ierr\",[t,(new Date).getTime(),!0])})},{1:10,2:9,3:7,4:11,5:3,6:24,ee:\"QJf3ax\",handle:\"D5DuLP\",loader:\"G9z0Bl\"}],5:[function(t){t(\"loader\").features.ins=!0},{loader:\"G9z0Bl\"}],6:[function(t){function e(){}if(window.performance&&window.performance.timing&&window.performance.getEntriesByType){var n=t(\"ee\"),r=t(\"handle\"),o=t(1),i=t(2);t(\"loader\").features.stn=!0,t(3),n.on(\"fn-start\",function(t){var e=t[0];e instanceof Event&&(this.bstStart=Date.now())}),n.on(\"fn-end\",function(t,e){var n=t[0];n instanceof Event&&r(\"bst\",[n,e,this.bstStart,Date.now()])}),o.on(\"fn-start\",function(t,e,n){this.bstStart=Date.now(),this.bstType=n}),o.on(\"fn-end\",function(t,e){r(\"bstTimer\",[e,this.bstStart,Date.now(),this.bstType])}),i.on(\"fn-start\",function(){this.bstStart=Date.now()}),i.on(\"fn-end\",function(t,e){r(\"bstTimer\",[e,this.bstStart,Date.now(),\"requestAnimationFrame\"])}),n.on(\"pushState-start\",function(){this.time=Date.now(),this.startPath=location.pathname+location.hash}),n.on(\"pushState-end\",function(){r(\"bstHist\",[location.pathname+location.hash,this.startPath,this.time])}),\"addEventListener\"in window.performance&&(window.performance.addEventListener(\"webkitresourcetimingbufferfull\",function(){r(\"bstResource\",[window.performance.getEntriesByType(\"resource\")]),window.performance.webkitClearResourceTimings()},!1),window.performance.addEventListener(\"resourcetimingbufferfull\",function(){r(\"bstResource\",[window.performance.getEntriesByType(\"resource\")]),window.performance.clearResourceTimings()},!1)),document.addEventListener(\"scroll\",e,!1),document.addEventListener(\"keypress\",e,!1),document.addEventListener(\"click\",e,!1)}},{1:10,2:9,3:8,ee:\"QJf3ax\",handle:\"D5DuLP\",loader:\"G9z0Bl\"}],7:[function(t,e){function n(t){i.inPlace(t,[\"addEventListener\",\"removeEventListener\"],\"-\",r)}function r(t){return t[1]}var o=(t(1),t(\"ee\").create()),i=t(2)(o),a=t(\"gos\");if(e.exports=o,n(window),\"getPrototypeOf\"in Object){for(var s=document;s&&!s.hasOwnProperty(\"addEventListener\");)s=Object.getPrototypeOf(s);s&&n(s);for(var c=XMLHttpRequest.prototype;c&&!c.hasOwnProperty(\"addEventListener\");)c=Object.getPrototypeOf(c);c&&n(c)}else XMLHttpRequest.prototype.hasOwnProperty(\"addEventListener\")&&n(XMLHttpRequest.prototype);o.on(\"addEventListener-start\",function(t){if(t[1]){var e=t[1];\"function\"==typeof e?this.wrapped=t[1]=a(e,\"nr@wrapped\",function(){return i(e,\"fn-\",null,e.name||\"anonymous\")}):\"function\"==typeof e.handleEvent&&i.inPlace(e,[\"handleEvent\"],\"fn-\")}}),o.on(\"removeEventListener-start\",function(t){var e=this.wrapped;e&&(t[1]=e)})},{1:24,2:25,ee:\"QJf3ax\",gos:\"7eSDFh\"}],8:[function(t,e){var n=(t(2),t(\"ee\").create()),r=t(1)(n);e.exports=n,r.inPlace(window.history,[\"pushState\"],\"-\")},{1:25,2:24,ee:\"QJf3ax\"}],9:[function(t,e){var n=(t(2),t(\"ee\").create()),r=t(1)(n);e.exports=n,r.inPlace(window,[\"requestAnimationFrame\",\"mozRequestAnimationFrame\",\"webkitRequestAnimationFrame\",\"msRequestAnimationFrame\"],\"raf-\"),n.on(\"raf-start\",function(t){t[0]=r(t[0],\"fn-\")})},{1:25,2:24,ee:\"QJf3ax\"}],10:[function(t,e){function n(t,e,n){t[0]=o(t[0],\"fn-\",null,n)}var r=(t(2),t(\"ee\").create()),o=t(1)(r);e.exports=r,o.inPlace(window,[\"setTimeout\",\"setInterval\",\"setImmediate\"],\"setTimer-\"),r.on(\"setTimer-start\",n)},{1:25,2:24,ee:\"QJf3ax\"}],11:[function(t,e){function n(){f.inPlace(this,p,\"fn-\")}function r(t,e){f.inPlace(e,[\"onreadystatechange\"],\"fn-\")}function o(t,e){return e}function i(t,e){for(var n in t)e[n]=t[n];return e}var a=t(\"ee\").create(),s=t(1),c=t(2),f=c(a),u=c(s),d=window.XMLHttpRequest,p=[\"onload\",\"onerror\",\"onabort\",\"onloadstart\",\"onloadend\",\"onprogress\",\"ontimeout\"];e.exports=a,window.XMLHttpRequest=function(t){var e=new d(t);try{a.emit(\"new-xhr\",[],e),u.inPlace(e,[\"addEventListener\",\"removeEventListener\"],\"-\",o),e.addEventListener(\"readystatechange\",n,!1)}catch(r){try{a.emit(\"internal-error\",[r])}catch(i){}}return e},i(d,XMLHttpRequest),XMLHttpRequest.prototype=d.prototype,f.inPlace(XMLHttpRequest.prototype,[\"open\",\"send\"],\"-xhr-\",o),a.on(\"send-xhr-start\",r),a.on(\"open-xhr-start\",r)},{1:7,2:25,ee:\"QJf3ax\"}],12:[function(t){function e(t){var e=this.params,r=this.metrics;if(!this.ended){this.ended=!0;for(var i=0;c>i;i++)t.removeEventListener(s[i],this.listener,!1);if(!e.aborted){if(r.duration=(new Date).getTime()-this.startTime,4===t.readyState){e.status=t.status;var a=t.responseType,f=\"arraybuffer\"===a||\"blob\"===a||\"json\"===a?t.response:t.responseText,u=n(f);if(u&&(r.rxSize=u),this.sameOrigin){var d=t.getResponseHeader(\"X-NewRelic-App-Data\");d&&(e.cat=d.split(\", \").pop())}}else e.status=0;r.cbTime=this.cbTime,o(\"xhr\",[e,r,this.startTime])}}}function n(t){if(\"string\"==typeof t&&t.length)return t.length;if(\"object\"!=typeof t)return void 0;if(\"undefined\"!=typeof ArrayBuffer&&t instanceof ArrayBuffer&&t.byteLength)return t.byteLength;if(\"undefined\"!=typeof Blob&&t instanceof Blob&&t.size)return t.size;if(\"undefined\"!=typeof FormData&&t instanceof FormData)return void 0;try{return JSON.stringify(t).length}catch(e){return void 0}}function r(t,e){var n=i(e),r=t.params;r.host=n.hostname+\":\"+n.port,r.pathname=n.pathname,t.sameOrigin=n.sameOrigin}if(window.XMLHttpRequest&&XMLHttpRequest.prototype&&XMLHttpRequest.prototype.addEventListener&&!/CriOS/.test(navigator.userAgent)){t(\"loader\").features.xhr=!0;var o=t(\"handle\"),i=t(2),a=t(\"ee\"),s=[\"load\",\"error\",\"abort\",\"timeout\"],c=s.length,f=t(1);t(4),t(3),a.on(\"new-xhr\",function(){this.totalCbs=0,this.called=0,this.cbTime=0,this.end=e,this.ended=!1,this.xhrGuids={}}),a.on(\"open-xhr-start\",function(t){this.params={method:t[0]},r(this,t[1]),this.metrics={}}),a.on(\"open-xhr-end\",function(t,e){\"loader_config\"in NREUM&&\"xpid\"in NREUM.loader_config&&this.sameOrigin&&e.setRequestHeader(\"X-NewRelic-ID\",NREUM.loader_config.xpid)}),a.on(\"send-xhr-start\",function(t,e){var r=this.metrics,o=t[0],i=this;if(r&&o){var f=n(o);f&&(r.txSize=f)}this.startTime=(new Date).getTime(),this.listener=function(t){try{\"abort\"===t.type&&(i.params.aborted=!0),(\"load\"!==t.type||i.called===i.totalCbs&&(i.onloadCalled||\"function\"!=typeof e.onload))&&i.end(e)}catch(n){try{a.emit(\"internal-error\",[n])}catch(r){}}};for(var u=0;c>u;u++)e.addEventListener(s[u],this.listener,!1)}),a.on(\"xhr-cb-time\",function(t,e,n){this.cbTime+=t,e?this.onloadCalled=!0:this.called+=1,this.called!==this.totalCbs||!this.onloadCalled&&\"function\"==typeof n.onload||this.end(n)}),a.on(\"xhr-load-added\",function(t,e){var n=\"\"+f(t)+!!e;this.xhrGuids&&!this.xhrGuids[n]&&(this.xhrGuids[n]=!0,this.totalCbs+=1)}),a.on(\"xhr-load-removed\",function(t,e){var n=\"\"+f(t)+!!e;this.xhrGuids&&this.xhrGuids[n]&&(delete this.xhrGuids[n],this.totalCbs-=1)}),a.on(\"addEventListener-end\",function(t,e){e instanceof XMLHttpRequest&&\"load\"===t[0]&&a.emit(\"xhr-load-added\",[t[1],t[2]],e)}),a.on(\"removeEventListener-end\",function(t,e){e instanceof XMLHttpRequest&&\"load\"===t[0]&&a.emit(\"xhr-load-removed\",[t[1],t[2]],e)}),a.on(\"fn-start\",function(t,e,n){e instanceof XMLHttpRequest&&(\"onload\"===n&&(this.onload=!0),(\"load\"===(t[0]&&t[0].type)||this.onload)&&(this.xhrCbStart=(new Date).getTime()))}),a.on(\"fn-end\",function(t,e){this.xhrCbStart&&a.emit(\"xhr-cb-time\",[(new Date).getTime()-this.xhrCbStart,this.onload,e],e)})}},{1:\"XL7HBI\",2:13,3:11,4:7,ee:\"QJf3ax\",handle:\"D5DuLP\",loader:\"G9z0Bl\"}],13:[function(t,e){e.exports=function(t){var e=document.createElement(\"a\"),n=window.location,r={};e.href=t,r.port=e.port;var o=e.href.split(\"://\");return!r.port&&o[1]&&(r.port=o[1].split(\"/\")[0].split(\"@\").pop().split(\":\")[1]),r.port&&\"0\"!==r.port||(r.port=\"https\"===o[0]?\"443\":\"80\"),r.hostname=e.hostname||n.hostname,r.pathname=e.pathname,r.protocol=o[0],\"/\"!==r.pathname.charAt(0)&&(r.pathname=\"/\"+r.pathname),r.sameOrigin=!e.hostname||e.hostname===document.domain&&e.port===n.port&&e.protocol===n.protocol,r}},{}],14:[function(t,e){function n(t){return function(){r(t,[(new Date).getTime()].concat(i(arguments)))}}var r=t(\"handle\"),o=t(1),i=t(2);\"undefined\"==typeof window.newrelic&&(newrelic=window.NREUM);var a=[\"setPageViewName\",\"addPageAction\",\"setCustomAttribute\",\"finished\",\"addToTrace\",\"inlineHit\",\"noticeError\"];o(a,function(t,e){window.NREUM[e]=n(\"api-\"+e)}),e.exports=window.NREUM},{1:23,2:24,handle:\"D5DuLP\"}],\"7eSDFh\":[function(t,e){function n(t,e,n){if(r.call(t,e))return t[e];var o=n();if(Object.defineProperty&&Object.keys)try{return Object.defineProperty(t,e,{value:o,writable:!0,enumerable:!1}),o}catch(i){}return t[e]=o,o}var r=Object.prototype.hasOwnProperty;e.exports=n},{}],gos:[function(t,e){e.exports=t(\"7eSDFh\")},{}],handle:[function(t,e){e.exports=t(\"D5DuLP\")},{}],D5DuLP:[function(t,e){function n(t,e,n){return r.listeners(t).length?r.emit(t,e,n):(o[t]||(o[t]=[]),void o[t].push(e))}var r=t(\"ee\").create(),o={};e.exports=n,n.ee=r,r.q=o},{ee:\"QJf3ax\"}],id:[function(t,e){e.exports=t(\"XL7HBI\")},{}],XL7HBI:[function(t,e){function n(t){var e=typeof t;return!t||\"object\"!==e&&\"function\"!==e?-1:t===window?0:i(t,o,function(){return r++})}var r=1,o=\"nr@id\",i=t(\"gos\");e.exports=n},{gos:\"7eSDFh\"}],G9z0Bl:[function(t,e){function n(){var t=p.info=NREUM.info,e=f.getElementsByTagName(\"script\")[0];if(t&&t.licenseKey&&t.applicationID&&e){s(d,function(e,n){e in t||(t[e]=n)});var n=\"https\"===u.split(\":\")[0]||t.sslForHttp;p.proto=n?\"https://\":\"http://\",a(\"mark\",[\"onload\",i()]);var r=f.createElement(\"script\");r.src=p.proto+t.agent,e.parentNode.insertBefore(r,e)}}function r(){\"complete\"===f.readyState&&o()}function o(){a(\"mark\",[\"domContent\",i()])}function i(){return(new Date).getTime()}var a=t(\"handle\"),s=t(1),c=(t(2),window),f=c.document,u=(\"\"+location).split(\"?\")[0],d={beacon:\"bam.nr-data.net\",errorBeacon:\"bam.nr-data.net\",agent:\"js-agent.newrelic.com/nr-632.min.js\"},p=e.exports={offset:i(),origin:u,features:{}};f.addEventListener?(f.addEventListener(\"DOMContentLoaded\",o,!1),c.addEventListener(\"load\",n,!1)):(f.attachEvent(\"onreadystatechange\",r),c.attachEvent(\"onload\",n)),a(\"mark\",[\"firstbyte\",i()])},{1:23,2:14,handle:\"D5DuLP\"}],loader:[function(t,e){e.exports=t(\"G9z0Bl\")},{}],23:[function(t,e){function n(t,e){var n=[],o=\"\",i=0;for(o in t)r.call(t,o)&&(n[i]=e(o,t[o]),i+=1);return n}var r=Object.prototype.hasOwnProperty;e.exports=n},{}],24:[function(t,e){function n(t,e,n){e||(e=0),\"undefined\"==typeof n&&(n=t?t.length:0);for(var r=-1,o=n-e||0,i=Array(0>o?0:o);++r<o;)i[r]=t[e+r];return i}e.exports=n},{}],25:[function(t,e){function n(t){return!(t&&\"function\"==typeof t&&t.apply&&!t[i])}var r=t(\"ee\"),o=t(1),i=\"nr@wrapper\",a=Object.prototype.hasOwnProperty;e.exports=function(t){function e(t,e,r,a){function nrWrapper(){var n,i,s,f;try{i=this,n=o(arguments),s=r&&r(n,i)||{}}catch(d){u([d,\"\",[n,i,a],s])}c(e+\"start\",[n,i,a],s);try{return f=t.apply(i,n)}catch(p){throw c(e+\"err\",[n,i,p],s),p}finally{c(e+\"end\",[n,i,f],s)}}return n(t)?t:(e||(e=\"\"),nrWrapper[i]=!0,f(t,nrWrapper),nrWrapper)}function s(t,r,o,i){o||(o=\"\");var a,s,c,f=\"-\"===o.charAt(0);for(c=0;c<r.length;c++)s=r[c],a=t[s],n(a)||(t[s]=e(a,f?s+o:o,i,s))}function c(e,n,r){try{t.emit(e,n,r)}catch(o){u([o,e,n,r])}}function f(t,e){if(Object.defineProperty&&Object.keys)try{var n=Object.keys(t);return n.forEach(function(n){Object.defineProperty(e,n,{get:function(){return t[n]},set:function(e){return t[n]=e,e}})}),e}catch(r){u([r])}for(var o in t)a.call(t,o)&&(e[o]=t[o]);return e}function u(e){try{t.emit(\"internal-error\",e)}catch(n){}}return t||(t=r),e.inPlace=s,e.flag=i,e}},{1:24,ee:\"QJf3ax\"}]},{},[\"G9z0Bl\",4,12,6,5]);</script>"
[6] "    <title>Business Insider</title>"                                                                                                                                                                                                                                                                                                                                                                                                                                                                                                                                                                                                                                                                                                                                                                                                                                                                                                                                                                                                                                                                                                                                                                                                                                                                                                                                                                                                                                                                                                                                                                                                                                                                                                                                                                                                                                                                                                                                                                                                                                                                                                                                                                                                                                                                                                                                                                                                                                                                                                                                                                                                                                                                                                                                                                                                                                                                                                                                                                                                                                                                                                                                                                                                                                                                                                                                                                                                                                                                                                                                                                                                                                                                                                                                                                                                                                                                                                                                                                                                                                                                                                                                                                                                                                                                                                                                                                                                                                                                                                                                                                                                                                                                                                                                                                                                                                                                                                                                                                                                                                                                                                                                                                                                                                                                                                                                                                                                                                                                                                                                                                                                                                                                                                                                                                                                                                                                                                                                                                                                                                                                                                                                                                                                                                                                                                                                                                                                                                                                                                                                                                                                                                                                                                                                                                                                                                                                                                                                                                                                                                                                                                                                                                                                                                                                                                                                                                                                                                                                                                                                                                                                                                                                                                                                                                                                                                                                                                                                                                                                                                                                                                                                                                                                                                                                                                                                                                                                                                                                                                                                                                                                                                                                                                                                                                                                                                                                                                                                                                                                                                                                                                                                                                                                                                                                                                                                                                                                                                                                                                                                                                                                                                                                                                                                                                                                                                                                                                                                                                                                                                                                                                                                                                                                                                                                                                                                                                                                                                                                                                                                                                                                                                                                                                                                                                                                                                                                                                                                                                                                                                                                                                                                                                                                                                                                                                                                                                                                                                                                                                                                                                                                                                                                                                                                                                                                                                                                                                                                                                                                                                                                                                                                                                                                                                                                                                                                                                                                                                                                                                                                                                                                                                                                                                                                                                                                                                                                                                                                                                                                                                                                                                                                                                                                                                                                                                                                                                                                                                                                                                                                                                                                                                                                                                                                                                                                                                                                                                                                                                                                                                                                                                                                                                                                                                                                                                                                                                                                                                                                                                                                                                                                                                                                                                                                                                                                                                           
> tail(x)
[1] "</noscript>"                                                                                                                                                                                                                                                                                                                                                                                                         
[2] "<!--end-->"                                                                                                                                                                                                                                                                                                                                                                                                          
[3] ""                                                                                                                                                                                                                                                                                                                                                                                                                    
[4] ""                                                                                                                                                                                                                                                                                                                                                                                                                    
[5] "<script type=\"text/javascript\">window.NREUM||(NREUM={});NREUM.info={\"beacon\":\"bam.nr-data.net\",\"licenseKey\":\"4b4136998e\",\"applicationID\":\"2646431,2646478\",\"transactionName\":\"ZVZVZRBVXEJVVkJRDVwcdEQRQF1cG11ZVQdCUlBU\",\"queueTime\":0,\"applicationTime\":302,\"atts\":\"SRFWE1hPT0w=\",\"errorBeacon\":\"bam.nr-data.net\",\"agent\":\"js-agent.newrelic.com\\/nr-632.min.js\"}</script></body>"
[6] "</html>"                                                                                                                                                                                                                                                                                                                                                                                                             
> x<- c("a","b","c","c","d","a")
> x[1]
[1] "a"
> x[1:4]
[1] "a" "b" "c" "c"
> x[x>"a"]
[1] "b" "c" "c" "d"
> x<-x>"a"
> x
[1] FALSE  TRUE  TRUE  TRUE  TRUE FALSE
> x
[1] FALSE  TRUE  TRUE  TRUE  TRUE FALSE
> s<- list(foo=1:4, bar=0.6)
> s[1]
$foo
[1] 1 2 3 4

> x[[1]]
[1] FALSE
> s[[1]]
[1] 1 2 3 4
> x$bar
Error in x$bar : $ operator is invalid for atomic vectors
> s$bar
[1] 0.6
> s$foo
[1] 1 2 3 4
> x[["bar"]]
Error in x[["bar"]] : subscript out of bounds
> s[["bar"]]
[1] 0.6
> x<-list(foo =1:4, bar =0.6, baz="hello")
> x[c(1,3]
Error: unexpected ']' in "x[c(1,3]"
> x[c(1,3)]
$foo
[1] 1 2 3 4

$baz
[1] "hello"

> x[c(1:3)]
$foo
[1] 1 2 3 4

$bar
[1] 0.6

$baz
[1] "hello"

> x[c(1,2)]
$foo
[1] 1 2 3 4

$bar
[1] 0.6

> name<-"foo"
> x[[name]]
[1] 1 2 3 4
> x[foo]
Error: object 'foo' not found
> x["foo"]
$foo
[1] 1 2 3 4

> x["name"]
$<NA>
NULL

> y<- list(a=list(10,12,14) , b = c(3.14,2.81))
> y
$a
$a[[1]]
[1] 10

$a[[2]]
[1] 12

$a[[3]]
[1] 14


$b
[1] 3.14 2.81

> y[[c(1,2)]]
[1] 12
> y[[c(2,2)]]
[1] 2.81
> x<- matrix(1:6, nrow=2,ncol=3)
> x
     [,1] [,2] [,3]
[1,]    1    3    5
[2,]    2    4    6
> x[1,2]
[1] 3
> x[,2]
[1] 3 4
> x[1,2, drop = FALSE]
     [,1]
[1,]    3
> x[1, , drop = FALSE] #drop = false produces the matrix view of the element 
     [,1] [,2] [,3]
[1,]    1    3    5
> v <- list(aardvark = 1:5)
> v$a
[1] 1 2 3 4 5
> v[["a"]]
NULL
> v[["a", exact = F]]
[1] 1 2 3 4 5
> b<-c(1,2,NA,4,NA,5)
> bad<- is.na(b)
> x[!bad] #removing missing values
[1] 1 2 4 6
> x[bad] #removing missing values
[1] 3 5
> b[!bad] #removing missing values
[1] 1 2 4 5
> b[bad] #removing missing values
[1] NA NA
> y < c ("a","b", NA, "d",NA, "f")
[1] FALSE FALSE    NA  TRUE    NA  TRUE
> y <- c ("a","b", NA, "d",NA, "f")
> good <- complete.cases(x,y)
Error in complete.cases(x, y) : not all arguments have the same length
> y <- c ("a","b",NA,"d",NA,"f")
> good <- complete.cases(x,y)
Error in complete.cases(x, y) : not all arguments have the same length
> good <- complete.cases(b,y)
> b[good]
[1] 1 2 4 5
> y[good]
[1] "a" "b" "d" "f"
> good
[1]  TRUE  TRUE FALSE  TRUE FALSE  TRUE
> x<-1:4;y<- 6:9
> x+y
[1]  7  9 11 13
> x>=2
[1] FALSE  TRUE  TRUE  TRUE
> x*y
[1]  6 14 24 36
> x/y
[1] 0.1666667 0.2857143 0.3750000 0.4444444
> x<-matrix(1:4 ,2,2); y<- matrix(rep(10,4), 2, 2)
> x*y
     [,1] [,2]
[1,]   10   30
[2,]   20   40
> x%%y
     [,1] [,2]
[1,]    1    3
[2,]    2    4
> x%*%y
     [,1] [,2]
[1,]   40   40
[2,]   60   60
> x%*%y  #True matrix multiplication
     [,1] [,2]
[1,]   40   40
[2,]   60   60
> x<- factor(c("yes","yes","no","yes","no"), 
+ levels=c("yes", "no"))
> x
[1] yes yes no  yes no 
Levels: yes no
> table(x)
x
yes  no 
  3   2 
> unclass(x)
[1] 1 1 2 1 2
attr(,"levels")
[1] "yes" "no" 
> x<- list(2,"a","b", TRUE)
> x[[2]]
[1] "a"
> x
[[1]]
[1] 2

[[2]]
[1] "a"

[[3]]
[1] "b"

[[4]]
[1] TRUE

> x<-1:4
> y<-2
> x+y
[1] 3 4 5 6
> pwd
Error: object 'pwd' not found
> getwd()
[1] "C:/Users/sshukla/class_2"
> data<-read.table("hw1_data")
Error in file(file, "rt") : cannot open the connection
In addition: Warning message:
In file(file, "rt") :
  cannot open file 'hw1_data': No such file or directory
> data<-read.table("hw1_data.csv")
Error in scan(file, what, nmax, sep, dec, quote, skip, nlines, na.strings,  : 
  line 2 did not have 2 elements
> data<-read.table('hw1_data.csv', nrows = 2, header=TRUE)
Error in scan(file, what, nmax, sep, dec, quote, skip, nlines, na.strings,  : 
  line 1 did not have 2 elements
> data<-read.table('hw1_data.csv', nrows = 2, header=TRUE, sep =',')
> data
  Ozone Solar.R Wind Temp Month Day
1    41     190  7.4   67     5   1
2    36     118  8.0   72     5   2
> data<-read.table('hw1_data.csv',header=TRUE, sep =',')
> data
    Ozone Solar.R Wind Temp Month Day
1      41     190  7.4   67     5   1
2      36     118  8.0   72     5   2
3      12     149 12.6   74     5   3
4      18     313 11.5   62     5   4
5      NA      NA 14.3   56     5   5
6      28      NA 14.9   66     5   6
7      23     299  8.6   65     5   7
8      19      99 13.8   59     5   8
9       8      19 20.1   61     5   9
10     NA     194  8.6   69     5  10
11      7      NA  6.9   74     5  11
12     16     256  9.7   69     5  12
13     11     290  9.2   66     5  13
14     14     274 10.9   68     5  14
15     18      65 13.2   58     5  15
16     14     334 11.5   64     5  16
17     34     307 12.0   66     5  17
18      6      78 18.4   57     5  18
19     30     322 11.5   68     5  19
20     11      44  9.7   62     5  20
21      1       8  9.7   59     5  21
22     11     320 16.6   73     5  22
23      4      25  9.7   61     5  23
24     32      92 12.0   61     5  24
25     NA      66 16.6   57     5  25
26     NA     266 14.9   58     5  26
27     NA      NA  8.0   57     5  27
28     23      13 12.0   67     5  28
29     45     252 14.9   81     5  29
30    115     223  5.7   79     5  30
31     37     279  7.4   76     5  31
32     NA     286  8.6   78     6   1
33     NA     287  9.7   74     6   2
34     NA     242 16.1   67     6   3
35     NA     186  9.2   84     6   4
36     NA     220  8.6   85     6   5
37     NA     264 14.3   79     6   6
38     29     127  9.7   82     6   7
39     NA     273  6.9   87     6   8
40     71     291 13.8   90     6   9
41     39     323 11.5   87     6  10
42     NA     259 10.9   93     6  11
43     NA     250  9.2   92     6  12
44     23     148  8.0   82     6  13
45     NA     332 13.8   80     6  14
46     NA     322 11.5   79     6  15
47     21     191 14.9   77     6  16
48     37     284 20.7   72     6  17
49     20      37  9.2   65     6  18
50     12     120 11.5   73     6  19
51     13     137 10.3   76     6  20
52     NA     150  6.3   77     6  21
53     NA      59  1.7   76     6  22
54     NA      91  4.6   76     6  23
55     NA     250  6.3   76     6  24
56     NA     135  8.0   75     6  25
57     NA     127  8.0   78     6  26
58     NA      47 10.3   73     6  27
59     NA      98 11.5   80     6  28
60     NA      31 14.9   77     6  29
61     NA     138  8.0   83     6  30
62    135     269  4.1   84     7   1
63     49     248  9.2   85     7   2
64     32     236  9.2   81     7   3
65     NA     101 10.9   84     7   4
66     64     175  4.6   83     7   5
67     40     314 10.9   83     7   6
68     77     276  5.1   88     7   7
69     97     267  6.3   92     7   8
70     97     272  5.7   92     7   9
71     85     175  7.4   89     7  10
72     NA     139  8.6   82     7  11
73     10     264 14.3   73     7  12
74     27     175 14.9   81     7  13
75     NA     291 14.9   91     7  14
76      7      48 14.3   80     7  15
77     48     260  6.9   81     7  16
78     35     274 10.3   82     7  17
79     61     285  6.3   84     7  18
80     79     187  5.1   87     7  19
81     63     220 11.5   85     7  20
82     16       7  6.9   74     7  21
83     NA     258  9.7   81     7  22
84     NA     295 11.5   82     7  23
85     80     294  8.6   86     7  24
86    108     223  8.0   85     7  25
87     20      81  8.6   82     7  26
88     52      82 12.0   86     7  27
89     82     213  7.4   88     7  28
90     50     275  7.4   86     7  29
91     64     253  7.4   83     7  30
92     59     254  9.2   81     7  31
93     39      83  6.9   81     8   1
94      9      24 13.8   81     8   2
95     16      77  7.4   82     8   3
96     78      NA  6.9   86     8   4
97     35      NA  7.4   85     8   5
98     66      NA  4.6   87     8   6
99    122     255  4.0   89     8   7
100    89     229 10.3   90     8   8
101   110     207  8.0   90     8   9
102    NA     222  8.6   92     8  10
103    NA     137 11.5   86     8  11
104    44     192 11.5   86     8  12
105    28     273 11.5   82     8  13
106    65     157  9.7   80     8  14
107    NA      64 11.5   79     8  15
108    22      71 10.3   77     8  16
109    59      51  6.3   79     8  17
110    23     115  7.4   76     8  18
111    31     244 10.9   78     8  19
112    44     190 10.3   78     8  20
113    21     259 15.5   77     8  21
114     9      36 14.3   72     8  22
115    NA     255 12.6   75     8  23
116    45     212  9.7   79     8  24
117   168     238  3.4   81     8  25
118    73     215  8.0   86     8  26
119    NA     153  5.7   88     8  27
120    76     203  9.7   97     8  28
121   118     225  2.3   94     8  29
122    84     237  6.3   96     8  30
123    85     188  6.3   94     8  31
124    96     167  6.9   91     9   1
125    78     197  5.1   92     9   2
126    73     183  2.8   93     9   3
127    91     189  4.6   93     9   4
128    47      95  7.4   87     9   5
129    32      92 15.5   84     9   6
130    20     252 10.9   80     9   7
131    23     220 10.3   78     9   8
132    21     230 10.9   75     9   9
133    24     259  9.7   73     9  10
134    44     236 14.9   81     9  11
135    21     259 15.5   76     9  12
136    28     238  6.3   77     9  13
137     9      24 10.9   71     9  14
138    13     112 11.5   71     9  15
139    46     237  6.9   78     9  16
140    18     224 13.8   67     9  17
141    13      27 10.3   76     9  18
142    24     238 10.3   68     9  19
143    16     201  8.0   82     9  20
144    13     238 12.6   64     9  21
145    23      14  9.2   71     9  22
146    36     139 10.3   81     9  23
147     7      49 10.3   69     9  24
148    14      20 16.6   63     9  25
149    30     193  6.9   70     9  26
150    NA     145 13.2   77     9  27
151    14     191 14.3   75     9  28
152    18     131  8.0   76     9  29
153    20     223 11.5   68     9  30
> data<-read.table('hw1_data.csv', nrows = -2, header=TRUE, sep =',')
> data
    Ozone Solar.R Wind Temp Month Day
1      41     190  7.4   67     5   1
2      36     118  8.0   72     5   2
3      12     149 12.6   74     5   3
4      18     313 11.5   62     5   4
5      NA      NA 14.3   56     5   5
6      28      NA 14.9   66     5   6
7      23     299  8.6   65     5   7
8      19      99 13.8   59     5   8
9       8      19 20.1   61     5   9
10     NA     194  8.6   69     5  10
11      7      NA  6.9   74     5  11
12     16     256  9.7   69     5  12
13     11     290  9.2   66     5  13
14     14     274 10.9   68     5  14
15     18      65 13.2   58     5  15
16     14     334 11.5   64     5  16
17     34     307 12.0   66     5  17
18      6      78 18.4   57     5  18
19     30     322 11.5   68     5  19
20     11      44  9.7   62     5  20
21      1       8  9.7   59     5  21
22     11     320 16.6   73     5  22
23      4      25  9.7   61     5  23
24     32      92 12.0   61     5  24
25     NA      66 16.6   57     5  25
26     NA     266 14.9   58     5  26
27     NA      NA  8.0   57     5  27
28     23      13 12.0   67     5  28
29     45     252 14.9   81     5  29
30    115     223  5.7   79     5  30
31     37     279  7.4   76     5  31
32     NA     286  8.6   78     6   1
33     NA     287  9.7   74     6   2
34     NA     242 16.1   67     6   3
35     NA     186  9.2   84     6   4
36     NA     220  8.6   85     6   5
37     NA     264 14.3   79     6   6
38     29     127  9.7   82     6   7
39     NA     273  6.9   87     6   8
40     71     291 13.8   90     6   9
41     39     323 11.5   87     6  10
42     NA     259 10.9   93     6  11
43     NA     250  9.2   92     6  12
44     23     148  8.0   82     6  13
45     NA     332 13.8   80     6  14
46     NA     322 11.5   79     6  15
47     21     191 14.9   77     6  16
48     37     284 20.7   72     6  17
49     20      37  9.2   65     6  18
50     12     120 11.5   73     6  19
51     13     137 10.3   76     6  20
52     NA     150  6.3   77     6  21
53     NA      59  1.7   76     6  22
54     NA      91  4.6   76     6  23
55     NA     250  6.3   76     6  24
56     NA     135  8.0   75     6  25
57     NA     127  8.0   78     6  26
58     NA      47 10.3   73     6  27
59     NA      98 11.5   80     6  28
60     NA      31 14.9   77     6  29
61     NA     138  8.0   83     6  30
62    135     269  4.1   84     7   1
63     49     248  9.2   85     7   2
64     32     236  9.2   81     7   3
65     NA     101 10.9   84     7   4
66     64     175  4.6   83     7   5
67     40     314 10.9   83     7   6
68     77     276  5.1   88     7   7
69     97     267  6.3   92     7   8
70     97     272  5.7   92     7   9
71     85     175  7.4   89     7  10
72     NA     139  8.6   82     7  11
73     10     264 14.3   73     7  12
74     27     175 14.9   81     7  13
75     NA     291 14.9   91     7  14
76      7      48 14.3   80     7  15
77     48     260  6.9   81     7  16
78     35     274 10.3   82     7  17
79     61     285  6.3   84     7  18
80     79     187  5.1   87     7  19
81     63     220 11.5   85     7  20
82     16       7  6.9   74     7  21
83     NA     258  9.7   81     7  22
84     NA     295 11.5   82     7  23
85     80     294  8.6   86     7  24
86    108     223  8.0   85     7  25
87     20      81  8.6   82     7  26
88     52      82 12.0   86     7  27
89     82     213  7.4   88     7  28
90     50     275  7.4   86     7  29
91     64     253  7.4   83     7  30
92     59     254  9.2   81     7  31
93     39      83  6.9   81     8   1
94      9      24 13.8   81     8   2
95     16      77  7.4   82     8   3
96     78      NA  6.9   86     8   4
97     35      NA  7.4   85     8   5
98     66      NA  4.6   87     8   6
99    122     255  4.0   89     8   7
100    89     229 10.3   90     8   8
101   110     207  8.0   90     8   9
102    NA     222  8.6   92     8  10
103    NA     137 11.5   86     8  11
104    44     192 11.5   86     8  12
105    28     273 11.5   82     8  13
106    65     157  9.7   80     8  14
107    NA      64 11.5   79     8  15
108    22      71 10.3   77     8  16
109    59      51  6.3   79     8  17
110    23     115  7.4   76     8  18
111    31     244 10.9   78     8  19
112    44     190 10.3   78     8  20
113    21     259 15.5   77     8  21
114     9      36 14.3   72     8  22
115    NA     255 12.6   75     8  23
116    45     212  9.7   79     8  24
117   168     238  3.4   81     8  25
118    73     215  8.0   86     8  26
119    NA     153  5.7   88     8  27
120    76     203  9.7   97     8  28
121   118     225  2.3   94     8  29
122    84     237  6.3   96     8  30
123    85     188  6.3   94     8  31
124    96     167  6.9   91     9   1
125    78     197  5.1   92     9   2
126    73     183  2.8   93     9   3
127    91     189  4.6   93     9   4
128    47      95  7.4   87     9   5
129    32      92 15.5   84     9   6
130    20     252 10.9   80     9   7
131    23     220 10.3   78     9   8
132    21     230 10.9   75     9   9
133    24     259  9.7   73     9  10
134    44     236 14.9   81     9  11
135    21     259 15.5   76     9  12
136    28     238  6.3   77     9  13
137     9      24 10.9   71     9  14
138    13     112 11.5   71     9  15
139    46     237  6.9   78     9  16
140    18     224 13.8   67     9  17
141    13      27 10.3   76     9  18
142    24     238 10.3   68     9  19
143    16     201  8.0   82     9  20
144    13     238 12.6   64     9  21
145    23      14  9.2   71     9  22
146    36     139 10.3   81     9  23
147     7      49 10.3   69     9  24
148    14      20 16.6   63     9  25
149    30     193  6.9   70     9  26
150    NA     145 13.2   77     9  27
151    14     191 14.3   75     9  28
152    18     131  8.0   76     9  29
153    20     223 11.5   68     9  30
> data
    Ozone Solar.R Wind Temp Month Day
1      41     190  7.4   67     5   1
2      36     118  8.0   72     5   2
3      12     149 12.6   74     5   3
4      18     313 11.5   62     5   4
5      NA      NA 14.3   56     5   5
6      28      NA 14.9   66     5   6
7      23     299  8.6   65     5   7
8      19      99 13.8   59     5   8
9       8      19 20.1   61     5   9
10     NA     194  8.6   69     5  10
11      7      NA  6.9   74     5  11
12     16     256  9.7   69     5  12
13     11     290  9.2   66     5  13
14     14     274 10.9   68     5  14
15     18      65 13.2   58     5  15
16     14     334 11.5   64     5  16
17     34     307 12.0   66     5  17
18      6      78 18.4   57     5  18
19     30     322 11.5   68     5  19
20     11      44  9.7   62     5  20
21      1       8  9.7   59     5  21
22     11     320 16.6   73     5  22
23      4      25  9.7   61     5  23
24     32      92 12.0   61     5  24
25     NA      66 16.6   57     5  25
26     NA     266 14.9   58     5  26
27     NA      NA  8.0   57     5  27
28     23      13 12.0   67     5  28
29     45     252 14.9   81     5  29
30    115     223  5.7   79     5  30
31     37     279  7.4   76     5  31
32     NA     286  8.6   78     6   1
33     NA     287  9.7   74     6   2
34     NA     242 16.1   67     6   3
35     NA     186  9.2   84     6   4
36     NA     220  8.6   85     6   5
37     NA     264 14.3   79     6   6
38     29     127  9.7   82     6   7
39     NA     273  6.9   87     6   8
40     71     291 13.8   90     6   9
41     39     323 11.5   87     6  10
42     NA     259 10.9   93     6  11
43     NA     250  9.2   92     6  12
44     23     148  8.0   82     6  13
45     NA     332 13.8   80     6  14
46     NA     322 11.5   79     6  15
47     21     191 14.9   77     6  16
48     37     284 20.7   72     6  17
49     20      37  9.2   65     6  18
50     12     120 11.5   73     6  19
51     13     137 10.3   76     6  20
52     NA     150  6.3   77     6  21
53     NA      59  1.7   76     6  22
54     NA      91  4.6   76     6  23
55     NA     250  6.3   76     6  24
56     NA     135  8.0   75     6  25
57     NA     127  8.0   78     6  26
58     NA      47 10.3   73     6  27
59     NA      98 11.5   80     6  28
60     NA      31 14.9   77     6  29
61     NA     138  8.0   83     6  30
62    135     269  4.1   84     7   1
63     49     248  9.2   85     7   2
64     32     236  9.2   81     7   3
65     NA     101 10.9   84     7   4
66     64     175  4.6   83     7   5
67     40     314 10.9   83     7   6
68     77     276  5.1   88     7   7
69     97     267  6.3   92     7   8
70     97     272  5.7   92     7   9
71     85     175  7.4   89     7  10
72     NA     139  8.6   82     7  11
73     10     264 14.3   73     7  12
74     27     175 14.9   81     7  13
75     NA     291 14.9   91     7  14
76      7      48 14.3   80     7  15
77     48     260  6.9   81     7  16
78     35     274 10.3   82     7  17
79     61     285  6.3   84     7  18
80     79     187  5.1   87     7  19
81     63     220 11.5   85     7  20
82     16       7  6.9   74     7  21
83     NA     258  9.7   81     7  22
84     NA     295 11.5   82     7  23
85     80     294  8.6   86     7  24
86    108     223  8.0   85     7  25
87     20      81  8.6   82     7  26
88     52      82 12.0   86     7  27
89     82     213  7.4   88     7  28
90     50     275  7.4   86     7  29
91     64     253  7.4   83     7  30
92     59     254  9.2   81     7  31
93     39      83  6.9   81     8   1
94      9      24 13.8   81     8   2
95     16      77  7.4   82     8   3
96     78      NA  6.9   86     8   4
97     35      NA  7.4   85     8   5
98     66      NA  4.6   87     8   6
99    122     255  4.0   89     8   7
100    89     229 10.3   90     8   8
101   110     207  8.0   90     8   9
102    NA     222  8.6   92     8  10
103    NA     137 11.5   86     8  11
104    44     192 11.5   86     8  12
105    28     273 11.5   82     8  13
106    65     157  9.7   80     8  14
107    NA      64 11.5   79     8  15
108    22      71 10.3   77     8  16
109    59      51  6.3   79     8  17
110    23     115  7.4   76     8  18
111    31     244 10.9   78     8  19
112    44     190 10.3   78     8  20
113    21     259 15.5   77     8  21
114     9      36 14.3   72     8  22
115    NA     255 12.6   75     8  23
116    45     212  9.7   79     8  24
117   168     238  3.4   81     8  25
118    73     215  8.0   86     8  26
119    NA     153  5.7   88     8  27
120    76     203  9.7   97     8  28
121   118     225  2.3   94     8  29
122    84     237  6.3   96     8  30
123    85     188  6.3   94     8  31
124    96     167  6.9   91     9   1
125    78     197  5.1   92     9   2
126    73     183  2.8   93     9   3
127    91     189  4.6   93     9   4
128    47      95  7.4   87     9   5
129    32      92 15.5   84     9   6
130    20     252 10.9   80     9   7
131    23     220 10.3   78     9   8
132    21     230 10.9   75     9   9
133    24     259  9.7   73     9  10
134    44     236 14.9   81     9  11
135    21     259 15.5   76     9  12
136    28     238  6.3   77     9  13
137     9      24 10.9   71     9  14
138    13     112 11.5   71     9  15
139    46     237  6.9   78     9  16
140    18     224 13.8   67     9  17
141    13      27 10.3   76     9  18
142    24     238 10.3   68     9  19
143    16     201  8.0   82     9  20
144    13     238 12.6   64     9  21
145    23      14  9.2   71     9  22
146    36     139 10.3   81     9  23
147     7      49 10.3   69     9  24
148    14      20 16.6   63     9  25
149    30     193  6.9   70     9  26
150    NA     145 13.2   77     9  27
151    14     191 14.3   75     9  28
152    18     131  8.0   76     9  29
153    20     223 11.5   68     9  30
> data(nrows)
Warning message:
In data(nrows) : data set ‘nrows’ not found
> data<-read.table('hw1_data.csv', nrows =47, header=TRUE, sep =',')
> data[[47]]
Error in .subset2(x, i, exact = exact) : subscript out of bounds
> data[47]
Error in `[.data.frame`(data, 47) : undefined columns selected
> data(47)
Warning message:
In data(47) : data set ‘47’ not found
> data$47
Error: unexpected numeric constant in "data$47"
> data
   Ozone Solar.R Wind Temp Month Day
1     41     190  7.4   67     5   1
2     36     118  8.0   72     5   2
3     12     149 12.6   74     5   3
4     18     313 11.5   62     5   4
5     NA      NA 14.3   56     5   5
6     28      NA 14.9   66     5   6
7     23     299  8.6   65     5   7
8     19      99 13.8   59     5   8
9      8      19 20.1   61     5   9
10    NA     194  8.6   69     5  10
11     7      NA  6.9   74     5  11
12    16     256  9.7   69     5  12
13    11     290  9.2   66     5  13
14    14     274 10.9   68     5  14
15    18      65 13.2   58     5  15
16    14     334 11.5   64     5  16
17    34     307 12.0   66     5  17
18     6      78 18.4   57     5  18
19    30     322 11.5   68     5  19
20    11      44  9.7   62     5  20
21     1       8  9.7   59     5  21
22    11     320 16.6   73     5  22
23     4      25  9.7   61     5  23
24    32      92 12.0   61     5  24
25    NA      66 16.6   57     5  25
26    NA     266 14.9   58     5  26
27    NA      NA  8.0   57     5  27
28    23      13 12.0   67     5  28
29    45     252 14.9   81     5  29
30   115     223  5.7   79     5  30
31    37     279  7.4   76     5  31
32    NA     286  8.6   78     6   1
33    NA     287  9.7   74     6   2
34    NA     242 16.1   67     6   3
35    NA     186  9.2   84     6   4
36    NA     220  8.6   85     6   5
37    NA     264 14.3   79     6   6
38    29     127  9.7   82     6   7
39    NA     273  6.9   87     6   8
40    71     291 13.8   90     6   9
41    39     323 11.5   87     6  10
42    NA     259 10.9   93     6  11
43    NA     250  9.2   92     6  12
44    23     148  8.0   82     6  13
45    NA     332 13.8   80     6  14
46    NA     322 11.5   79     6  15
47    21     191 14.9   77     6  16
> data<-read.table('hw1_data.csv', header=TRUE, sep =',')
> dim(data)<-c(154,7)
Error in dim(data) <- c(154, 7) : 
  dims [product 1078] do not match the length of object [6]
> dim(data)<-c(154,6)
Error in dim(data) <- c(154, 6) : 
  dims [product 924] do not match the length of object [6]
> dim(data)<-c(153,6)
Error in dim(data) <- c(153, 6) : 
  dims [product 918] do not match the length of object [6]
> data
    Ozone Solar.R Wind Temp Month Day
1      41     190  7.4   67     5   1
2      36     118  8.0   72     5   2
3      12     149 12.6   74     5   3
4      18     313 11.5   62     5   4
5      NA      NA 14.3   56     5   5
6      28      NA 14.9   66     5   6
7      23     299  8.6   65     5   7
8      19      99 13.8   59     5   8
9       8      19 20.1   61     5   9
10     NA     194  8.6   69     5  10
11      7      NA  6.9   74     5  11
12     16     256  9.7   69     5  12
13     11     290  9.2   66     5  13
14     14     274 10.9   68     5  14
15     18      65 13.2   58     5  15
16     14     334 11.5   64     5  16
17     34     307 12.0   66     5  17
18      6      78 18.4   57     5  18
19     30     322 11.5   68     5  19
20     11      44  9.7   62     5  20
21      1       8  9.7   59     5  21
22     11     320 16.6   73     5  22
23      4      25  9.7   61     5  23
24     32      92 12.0   61     5  24
25     NA      66 16.6   57     5  25
26     NA     266 14.9   58     5  26
27     NA      NA  8.0   57     5  27
28     23      13 12.0   67     5  28
29     45     252 14.9   81     5  29
30    115     223  5.7   79     5  30
31     37     279  7.4   76     5  31
32     NA     286  8.6   78     6   1
33     NA     287  9.7   74     6   2
34     NA     242 16.1   67     6   3
35     NA     186  9.2   84     6   4
36     NA     220  8.6   85     6   5
37     NA     264 14.3   79     6   6
38     29     127  9.7   82     6   7
39     NA     273  6.9   87     6   8
40     71     291 13.8   90     6   9
41     39     323 11.5   87     6  10
42     NA     259 10.9   93     6  11
43     NA     250  9.2   92     6  12
44     23     148  8.0   82     6  13
45     NA     332 13.8   80     6  14
46     NA     322 11.5   79     6  15
47     21     191 14.9   77     6  16
48     37     284 20.7   72     6  17
49     20      37  9.2   65     6  18
50     12     120 11.5   73     6  19
51     13     137 10.3   76     6  20
52     NA     150  6.3   77     6  21
53     NA      59  1.7   76     6  22
54     NA      91  4.6   76     6  23
55     NA     250  6.3   76     6  24
56     NA     135  8.0   75     6  25
57     NA     127  8.0   78     6  26
58     NA      47 10.3   73     6  27
59     NA      98 11.5   80     6  28
60     NA      31 14.9   77     6  29
61     NA     138  8.0   83     6  30
62    135     269  4.1   84     7   1
63     49     248  9.2   85     7   2
64     32     236  9.2   81     7   3
65     NA     101 10.9   84     7   4
66     64     175  4.6   83     7   5
67     40     314 10.9   83     7   6
68     77     276  5.1   88     7   7
69     97     267  6.3   92     7   8
70     97     272  5.7   92     7   9
71     85     175  7.4   89     7  10
72     NA     139  8.6   82     7  11
73     10     264 14.3   73     7  12
74     27     175 14.9   81     7  13
75     NA     291 14.9   91     7  14
76      7      48 14.3   80     7  15
77     48     260  6.9   81     7  16
78     35     274 10.3   82     7  17
79     61     285  6.3   84     7  18
80     79     187  5.1   87     7  19
81     63     220 11.5   85     7  20
82     16       7  6.9   74     7  21
83     NA     258  9.7   81     7  22
84     NA     295 11.5   82     7  23
85     80     294  8.6   86     7  24
86    108     223  8.0   85     7  25
87     20      81  8.6   82     7  26
88     52      82 12.0   86     7  27
89     82     213  7.4   88     7  28
90     50     275  7.4   86     7  29
91     64     253  7.4   83     7  30
92     59     254  9.2   81     7  31
93     39      83  6.9   81     8   1
94      9      24 13.8   81     8   2
95     16      77  7.4   82     8   3
96     78      NA  6.9   86     8   4
97     35      NA  7.4   85     8   5
98     66      NA  4.6   87     8   6
99    122     255  4.0   89     8   7
100    89     229 10.3   90     8   8
101   110     207  8.0   90     8   9
102    NA     222  8.6   92     8  10
103    NA     137 11.5   86     8  11
104    44     192 11.5   86     8  12
105    28     273 11.5   82     8  13
106    65     157  9.7   80     8  14
107    NA      64 11.5   79     8  15
108    22      71 10.3   77     8  16
109    59      51  6.3   79     8  17
110    23     115  7.4   76     8  18
111    31     244 10.9   78     8  19
112    44     190 10.3   78     8  20
113    21     259 15.5   77     8  21
114     9      36 14.3   72     8  22
115    NA     255 12.6   75     8  23
116    45     212  9.7   79     8  24
117   168     238  3.4   81     8  25
118    73     215  8.0   86     8  26
119    NA     153  5.7   88     8  27
120    76     203  9.7   97     8  28
121   118     225  2.3   94     8  29
122    84     237  6.3   96     8  30
123    85     188  6.3   94     8  31
124    96     167  6.9   91     9   1
125    78     197  5.1   92     9   2
126    73     183  2.8   93     9   3
127    91     189  4.6   93     9   4
128    47      95  7.4   87     9   5
129    32      92 15.5   84     9   6
130    20     252 10.9   80     9   7
131    23     220 10.3   78     9   8
132    21     230 10.9   75     9   9
133    24     259  9.7   73     9  10
134    44     236 14.9   81     9  11
135    21     259 15.5   76     9  12
136    28     238  6.3   77     9  13
137     9      24 10.9   71     9  14
138    13     112 11.5   71     9  15
139    46     237  6.9   78     9  16
140    18     224 13.8   67     9  17
141    13      27 10.3   76     9  18
142    24     238 10.3   68     9  19
143    16     201  8.0   82     9  20
144    13     238 12.6   64     9  21
145    23      14  9.2   71     9  22
146    36     139 10.3   81     9  23
147     7      49 10.3   69     9  24
148    14      20 16.6   63     9  25
149    30     193  6.9   70     9  26
150    NA     145 13.2   77     9  27
151    14     191 14.3   75     9  28
152    18     131  8.0   76     9  29
153    20     223 11.5   68     9  30
> data<-read.table('hw1_data.csv', colClasses= c(rep("integer",1)), header=TRUE, sep =',')
Error in scan(file, what, nmax, sep, dec, quote, skip, nlines, na.strings,  : 
  scan() expected 'an integer', got '7.4'
> data<-read.table('hw1_data.csv', colClasses= c(rep("integer",1)rep("NULL",1)), header=TRUE, sep =',')
Error: unexpected symbol in "data<-read.table('hw1_data.csv', colClasses= c(rep("integer",1)rep"
> data<-read.table('hw1_data.csv', colClasses= c(rep("integer",0)rep("NULL",1)), header=TRUE, sep =',')
Error: unexpected symbol in "data<-read.table('hw1_data.csv', colClasses= c(rep("integer",0)rep"
> data<-read.table('hw1_data.csv', header=TRUE, sep =',')
> data[1]
    Ozone
1      41
2      36
3      12
4      18
5      NA
6      28
7      23
8      19
9       8
10     NA
11      7
12     16
13     11
14     14
15     18
16     14
17     34
18      6
19     30
20     11
21      1
22     11
23      4
24     32
25     NA
26     NA
27     NA
28     23
29     45
30    115
31     37
32     NA
33     NA
34     NA
35     NA
36     NA
37     NA
38     29
39     NA
40     71
41     39
42     NA
43     NA
44     23
45     NA
46     NA
47     21
48     37
49     20
50     12
51     13
52     NA
53     NA
54     NA
55     NA
56     NA
57     NA
58     NA
59     NA
60     NA
61     NA
62    135
63     49
64     32
65     NA
66     64
67     40
68     77
69     97
70     97
71     85
72     NA
73     10
74     27
75     NA
76      7
77     48
78     35
79     61
80     79
81     63
82     16
83     NA
84     NA
85     80
86    108
87     20
88     52
89     82
90     50
91     64
92     59
93     39
94      9
95     16
96     78
97     35
98     66
99    122
100    89
101   110
102    NA
103    NA
104    44
105    28
106    65
107    NA
108    22
109    59
110    23
111    31
112    44
113    21
114     9
115    NA
116    45
117   168
118    73
119    NA
120    76
121   118
122    84
123    85
124    96
125    78
126    73
127    91
128    47
129    32
130    20
131    23
132    21
133    24
134    44
135    21
136    28
137     9
138    13
139    46
140    18
141    13
142    24
143    16
144    13
145    23
146    36
147     7
148    14
149    30
150    NA
151    14
152    18
153    20
> val<-is.na(data[1])
> val
       Ozone
  [1,] FALSE
  [2,] FALSE
  [3,] FALSE
  [4,] FALSE
  [5,]  TRUE
  [6,] FALSE
  [7,] FALSE
  [8,] FALSE
  [9,] FALSE
 [10,]  TRUE
 [11,] FALSE
 [12,] FALSE
 [13,] FALSE
 [14,] FALSE
 [15,] FALSE
 [16,] FALSE
 [17,] FALSE
 [18,] FALSE
 [19,] FALSE
 [20,] FALSE
 [21,] FALSE
 [22,] FALSE
 [23,] FALSE
 [24,] FALSE
 [25,]  TRUE
 [26,]  TRUE
 [27,]  TRUE
 [28,] FALSE
 [29,] FALSE
 [30,] FALSE
 [31,] FALSE
 [32,]  TRUE
 [33,]  TRUE
 [34,]  TRUE
 [35,]  TRUE
 [36,]  TRUE
 [37,]  TRUE
 [38,] FALSE
 [39,]  TRUE
 [40,] FALSE
 [41,] FALSE
 [42,]  TRUE
 [43,]  TRUE
 [44,] FALSE
 [45,]  TRUE
 [46,]  TRUE
 [47,] FALSE
 [48,] FALSE
 [49,] FALSE
 [50,] FALSE
 [51,] FALSE
 [52,]  TRUE
 [53,]  TRUE
 [54,]  TRUE
 [55,]  TRUE
 [56,]  TRUE
 [57,]  TRUE
 [58,]  TRUE
 [59,]  TRUE
 [60,]  TRUE
 [61,]  TRUE
 [62,] FALSE
 [63,] FALSE
 [64,] FALSE
 [65,]  TRUE
 [66,] FALSE
 [67,] FALSE
 [68,] FALSE
 [69,] FALSE
 [70,] FALSE
 [71,] FALSE
 [72,]  TRUE
 [73,] FALSE
 [74,] FALSE
 [75,]  TRUE
 [76,] FALSE
 [77,] FALSE
 [78,] FALSE
 [79,] FALSE
 [80,] FALSE
 [81,] FALSE
 [82,] FALSE
 [83,]  TRUE
 [84,]  TRUE
 [85,] FALSE
 [86,] FALSE
 [87,] FALSE
 [88,] FALSE
 [89,] FALSE
 [90,] FALSE
 [91,] FALSE
 [92,] FALSE
 [93,] FALSE
 [94,] FALSE
 [95,] FALSE
 [96,] FALSE
 [97,] FALSE
 [98,] FALSE
 [99,] FALSE
[100,] FALSE
[101,] FALSE
[102,]  TRUE
[103,]  TRUE
[104,] FALSE
[105,] FALSE
[106,] FALSE
[107,]  TRUE
[108,] FALSE
[109,] FALSE
[110,] FALSE
[111,] FALSE
[112,] FALSE
[113,] FALSE
[114,] FALSE
[115,]  TRUE
[116,] FALSE
[117,] FALSE
[118,] FALSE
[119,]  TRUE
[120,] FALSE
[121,] FALSE
[122,] FALSE
[123,] FALSE
[124,] FALSE
[125,] FALSE
[126,] FALSE
[127,] FALSE
[128,] FALSE
[129,] FALSE
[130,] FALSE
[131,] FALSE
[132,] FALSE
[133,] FALSE
[134,] FALSE
[135,] FALSE
[136,] FALSE
[137,] FALSE
[138,] FALSE
[139,] FALSE
[140,] FALSE
[141,] FALSE
[142,] FALSE
[143,] FALSE
[144,] FALSE
[145,] FALSE
[146,] FALSE
[147,] FALSE
[148,] FALSE
[149,] FALSE
[150,]  TRUE
[151,] FALSE
[152,] FALSE
[153,] FALSE
> table(data[1])

  1   4   6   7   8   9  10  11  12  13  14  16  18  19  20  21  22  23  24  27  28  29  30  31  32  34  35  36  37  39  40  41  44  45  46  47 
  1   1   1   3   1   3   1   3   2   4   4   4   4   1   4   4   1   6   2   1   3   1   2   1   3   1   2   2   2   2   1   1   3   2   1   1 
 48  49  50  52  59  61  63  64  65  66  71  73  76  77  78  79  80  82  84  85  89  91  96  97 108 110 115 118 122 135 168 
  1   1   1   1   2   1   1   2   1   1   1   2   1   1   2   1   1   1   1   2   1   1   1   2   1   1   1   1   1   1   1 
> table(val)
val
FALSE  TRUE 
  116    37 
> mean(data[1])
[1] NA
Warning message:
In mean.default(data[1]) : argument is not numeric or logical: returning NA
> x<-data[1]
> x
    Ozone
1      41
2      36
3      12
4      18
5      NA
6      28
7      23
8      19
9       8
10     NA
11      7
12     16
13     11
14     14
15     18
16     14
17     34
18      6
19     30
20     11
21      1
22     11
23      4
24     32
25     NA
26     NA
27     NA
28     23
29     45
30    115
31     37
32     NA
33     NA
34     NA
35     NA
36     NA
37     NA
38     29
39     NA
40     71
41     39
42     NA
43     NA
44     23
45     NA
46     NA
47     21
48     37
49     20
50     12
51     13
52     NA
53     NA
54     NA
55     NA
56     NA
57     NA
58     NA
59     NA
60     NA
61     NA
62    135
63     49
64     32
65     NA
66     64
67     40
68     77
69     97
70     97
71     85
72     NA
73     10
74     27
75     NA
76      7
77     48
78     35
79     61
80     79
81     63
82     16
83     NA
84     NA
85     80
86    108
87     20
88     52
89     82
90     50
91     64
92     59
93     39
94      9
95     16
96     78
97     35
98     66
99    122
100    89
101   110
102    NA
103    NA
104    44
105    28
106    65
107    NA
108    22
109    59
110    23
111    31
112    44
113    21
114     9
115    NA
116    45
117   168
118    73
119    NA
120    76
121   118
122    84
123    85
124    96
125    78
126    73
127    91
128    47
129    32
130    20
131    23
132    21
133    24
134    44
135    21
136    28
137     9
138    13
139    46
140    18
141    13
142    24
143    16
144    13
145    23
146    36
147     7
148    14
149    30
150    NA
151    14
152    18
153    20
> mean(x,na.rm=TRUE)
[1] NA
Warning message:
In mean.default(x, na.rm = TRUE) :
  argument is not numeric or logical: returning NA
> mean
function (x, ...) 
UseMethod("mean")
<bytecode: 0x000000002659b1f0>
<environment: namespace:base>
> mean(x)
[1] NA
Warning message:
In mean.default(x) : argument is not numeric or logical: returning NA
> summary(x)
     Ozone       
 Min.   :  1.00  
 1st Qu.: 18.00  
 Median : 31.50  
 Mean   : 42.13  
 3rd Qu.: 63.25  
 Max.   :168.00  
 NA's   :37      
> summary(x,na.rm= TRUE)
     Ozone       
 Min.   :  1.00  
 1st Qu.: 18.00  
 Median : 31.50  
 Mean   : 42.13  
 3rd Qu.: 63.25  
 Max.   :168.00  
 NA's   :37      
> summary(x,na.rm=FALSE)
     Ozone       
 Min.   :  1.00  
 1st Qu.: 18.00  
 Median : 31.50  
 Mean   : 42.13  
 3rd Qu.: 63.25  
 Max.   :168.00  
 NA's   :37      
> data
    Ozone Solar.R Wind Temp Month Day
1      41     190  7.4   67     5   1
2      36     118  8.0   72     5   2
3      12     149 12.6   74     5   3
4      18     313 11.5   62     5   4
5      NA      NA 14.3   56     5   5
6      28      NA 14.9   66     5   6
7      23     299  8.6   65     5   7
8      19      99 13.8   59     5   8
9       8      19 20.1   61     5   9
10     NA     194  8.6   69     5  10
11      7      NA  6.9   74     5  11
12     16     256  9.7   69     5  12
13     11     290  9.2   66     5  13
14     14     274 10.9   68     5  14
15     18      65 13.2   58     5  15
16     14     334 11.5   64     5  16
17     34     307 12.0   66     5  17
18      6      78 18.4   57     5  18
19     30     322 11.5   68     5  19
20     11      44  9.7   62     5  20
21      1       8  9.7   59     5  21
22     11     320 16.6   73     5  22
23      4      25  9.7   61     5  23
24     32      92 12.0   61     5  24
25     NA      66 16.6   57     5  25
26     NA     266 14.9   58     5  26
27     NA      NA  8.0   57     5  27
28     23      13 12.0   67     5  28
29     45     252 14.9   81     5  29
30    115     223  5.7   79     5  30
31     37     279  7.4   76     5  31
32     NA     286  8.6   78     6   1
33     NA     287  9.7   74     6   2
34     NA     242 16.1   67     6   3
35     NA     186  9.2   84     6   4
36     NA     220  8.6   85     6   5
37     NA     264 14.3   79     6   6
38     29     127  9.7   82     6   7
39     NA     273  6.9   87     6   8
40     71     291 13.8   90     6   9
41     39     323 11.5   87     6  10
42     NA     259 10.9   93     6  11
43     NA     250  9.2   92     6  12
44     23     148  8.0   82     6  13
45     NA     332 13.8   80     6  14
46     NA     322 11.5   79     6  15
47     21     191 14.9   77     6  16
48     37     284 20.7   72     6  17
49     20      37  9.2   65     6  18
50     12     120 11.5   73     6  19
51     13     137 10.3   76     6  20
52     NA     150  6.3   77     6  21
53     NA      59  1.7   76     6  22
54     NA      91  4.6   76     6  23
55     NA     250  6.3   76     6  24
56     NA     135  8.0   75     6  25
57     NA     127  8.0   78     6  26
58     NA      47 10.3   73     6  27
59     NA      98 11.5   80     6  28
60     NA      31 14.9   77     6  29
61     NA     138  8.0   83     6  30
62    135     269  4.1   84     7   1
63     49     248  9.2   85     7   2
64     32     236  9.2   81     7   3
65     NA     101 10.9   84     7   4
66     64     175  4.6   83     7   5
67     40     314 10.9   83     7   6
68     77     276  5.1   88     7   7
69     97     267  6.3   92     7   8
70     97     272  5.7   92     7   9
71     85     175  7.4   89     7  10
72     NA     139  8.6   82     7  11
73     10     264 14.3   73     7  12
74     27     175 14.9   81     7  13
75     NA     291 14.9   91     7  14
76      7      48 14.3   80     7  15
77     48     260  6.9   81     7  16
78     35     274 10.3   82     7  17
79     61     285  6.3   84     7  18
80     79     187  5.1   87     7  19
81     63     220 11.5   85     7  20
82     16       7  6.9   74     7  21
83     NA     258  9.7   81     7  22
84     NA     295 11.5   82     7  23
85     80     294  8.6   86     7  24
86    108     223  8.0   85     7  25
87     20      81  8.6   82     7  26
88     52      82 12.0   86     7  27
89     82     213  7.4   88     7  28
90     50     275  7.4   86     7  29
91     64     253  7.4   83     7  30
92     59     254  9.2   81     7  31
93     39      83  6.9   81     8   1
94      9      24 13.8   81     8   2
95     16      77  7.4   82     8   3
96     78      NA  6.9   86     8   4
97     35      NA  7.4   85     8   5
98     66      NA  4.6   87     8   6
99    122     255  4.0   89     8   7
100    89     229 10.3   90     8   8
101   110     207  8.0   90     8   9
102    NA     222  8.6   92     8  10
103    NA     137 11.5   86     8  11
104    44     192 11.5   86     8  12
105    28     273 11.5   82     8  13
106    65     157  9.7   80     8  14
107    NA      64 11.5   79     8  15
108    22      71 10.3   77     8  16
109    59      51  6.3   79     8  17
110    23     115  7.4   76     8  18
111    31     244 10.9   78     8  19
112    44     190 10.3   78     8  20
113    21     259 15.5   77     8  21
114     9      36 14.3   72     8  22
115    NA     255 12.6   75     8  23
116    45     212  9.7   79     8  24
117   168     238  3.4   81     8  25
118    73     215  8.0   86     8  26
119    NA     153  5.7   88     8  27
120    76     203  9.7   97     8  28
121   118     225  2.3   94     8  29
122    84     237  6.3   96     8  30
123    85     188  6.3   94     8  31
124    96     167  6.9   91     9   1
125    78     197  5.1   92     9   2
126    73     183  2.8   93     9   3
127    91     189  4.6   93     9   4
128    47      95  7.4   87     9   5
129    32      92 15.5   84     9   6
130    20     252 10.9   80     9   7
131    23     220 10.3   78     9   8
132    21     230 10.9   75     9   9
133    24     259  9.7   73     9  10
134    44     236 14.9   81     9  11
135    21     259 15.5   76     9  12
136    28     238  6.3   77     9  13
137     9      24 10.9   71     9  14
138    13     112 11.5   71     9  15
139    46     237  6.9   78     9  16
140    18     224 13.8   67     9  17
141    13      27 10.3   76     9  18
142    24     238 10.3   68     9  19
143    16     201  8.0   82     9  20
144    13     238 12.6   64     9  21
145    23      14  9.2   71     9  22
146    36     139 10.3   81     9  23
147     7      49 10.3   69     9  24
148    14      20 16.6   63     9  25
149    30     193  6.9   70     9  26
150    NA     145 13.2   77     9  27
151    14     191 14.3   75     9  28
152    18     131  8.0   76     9  29
153    20     223 11.5   68     9  30
> data[5]==6
       Month
  [1,] FALSE
  [2,] FALSE
  [3,] FALSE
  [4,] FALSE
  [5,] FALSE
  [6,] FALSE
  [7,] FALSE
  [8,] FALSE
  [9,] FALSE
 [10,] FALSE
 [11,] FALSE
 [12,] FALSE
 [13,] FALSE
 [14,] FALSE
 [15,] FALSE
 [16,] FALSE
 [17,] FALSE
 [18,] FALSE
 [19,] FALSE
 [20,] FALSE
 [21,] FALSE
 [22,] FALSE
 [23,] FALSE
 [24,] FALSE
 [25,] FALSE
 [26,] FALSE
 [27,] FALSE
 [28,] FALSE
 [29,] FALSE
 [30,] FALSE
 [31,] FALSE
 [32,]  TRUE
 [33,]  TRUE
 [34,]  TRUE
 [35,]  TRUE
 [36,]  TRUE
 [37,]  TRUE
 [38,]  TRUE
 [39,]  TRUE
 [40,]  TRUE
 [41,]  TRUE
 [42,]  TRUE
 [43,]  TRUE
 [44,]  TRUE
 [45,]  TRUE
 [46,]  TRUE
 [47,]  TRUE
 [48,]  TRUE
 [49,]  TRUE
 [50,]  TRUE
 [51,]  TRUE
 [52,]  TRUE
 [53,]  TRUE
 [54,]  TRUE
 [55,]  TRUE
 [56,]  TRUE
 [57,]  TRUE
 [58,]  TRUE
 [59,]  TRUE
 [60,]  TRUE
 [61,]  TRUE
 [62,] FALSE
 [63,] FALSE
 [64,] FALSE
 [65,] FALSE
 [66,] FALSE
 [67,] FALSE
 [68,] FALSE
 [69,] FALSE
 [70,] FALSE
 [71,] FALSE
 [72,] FALSE
 [73,] FALSE
 [74,] FALSE
 [75,] FALSE
 [76,] FALSE
 [77,] FALSE
 [78,] FALSE
 [79,] FALSE
 [80,] FALSE
 [81,] FALSE
 [82,] FALSE
 [83,] FALSE
 [84,] FALSE
 [85,] FALSE
 [86,] FALSE
 [87,] FALSE
 [88,] FALSE
 [89,] FALSE
 [90,] FALSE
 [91,] FALSE
 [92,] FALSE
 [93,] FALSE
 [94,] FALSE
 [95,] FALSE
 [96,] FALSE
 [97,] FALSE
 [98,] FALSE
 [99,] FALSE
[100,] FALSE
[101,] FALSE
[102,] FALSE
[103,] FALSE
[104,] FALSE
[105,] FALSE
[106,] FALSE
[107,] FALSE
[108,] FALSE
[109,] FALSE
[110,] FALSE
[111,] FALSE
[112,] FALSE
[113,] FALSE
[114,] FALSE
[115,] FALSE
[116,] FALSE
[117,] FALSE
[118,] FALSE
[119,] FALSE
[120,] FALSE
[121,] FALSE
[122,] FALSE
[123,] FALSE
[124,] FALSE
[125,] FALSE
[126,] FALSE
[127,] FALSE
[128,] FALSE
[129,] FALSE
[130,] FALSE
[131,] FALSE
[132,] FALSE
[133,] FALSE
[134,] FALSE
[135,] FALSE
[136,] FALSE
[137,] FALSE
[138,] FALSE
[139,] FALSE
[140,] FALSE
[141,] FALSE
[142,] FALSE
[143,] FALSE
[144,] FALSE
[145,] FALSE
[146,] FALSE
[147,] FALSE
[148,] FALSE
[149,] FALSE
[150,] FALSE
[151,] FALSE
[152,] FALSE
[153,] FALSE
> data[data[5]==6]
  [1]    NA    NA    NA    NA    NA    NA  29.0    NA  71.0  39.0    NA    NA  23.0    NA    NA  21.0  37.0  20.0  12.0  13.0    NA    NA    NA
 [24]    NA    NA    NA    NA    NA    NA    NA 286.0 287.0 242.0 186.0 220.0 264.0 127.0 273.0 291.0 323.0 259.0 250.0 148.0 332.0 322.0 191.0
 [47] 284.0  37.0 120.0 137.0 150.0  59.0  91.0 250.0 135.0 127.0  47.0  98.0  31.0 138.0   8.6   9.7  16.1   9.2   8.6  14.3   9.7   6.9  13.8
 [70]  11.5  10.9   9.2   8.0  13.8  11.5  14.9  20.7   9.2  11.5  10.3   6.3   1.7   4.6   6.3   8.0   8.0  10.3  11.5  14.9   8.0  78.0  74.0
 [93]  67.0  84.0  85.0  79.0  82.0  87.0  90.0  87.0  93.0  92.0  82.0  80.0  79.0  77.0  72.0  65.0  73.0  76.0  77.0  76.0  76.0  76.0  75.0
[116]  78.0  73.0  80.0  77.0  83.0   6.0   6.0   6.0   6.0   6.0   6.0   6.0   6.0   6.0   6.0   6.0   6.0   6.0   6.0   6.0   6.0   6.0   6.0
[139]   6.0   6.0   6.0   6.0   6.0   6.0   6.0   6.0   6.0   6.0   6.0   6.0   1.0   2.0   3.0   4.0   5.0   6.0   7.0   8.0   9.0  10.0  11.0
[162]  12.0  13.0  14.0  15.0  16.0  17.0  18.0  19.0  20.0  21.0  22.0  23.0  24.0  25.0  26.0  27.0  28.0  29.0  30.0
> data$temp
NULL
> data$Temp
  [1] 67 72 74 62 56 66 65 59 61 69 74 69 66 68 58 64 66 57 68 62 59 73 61 61 57 58 57 67 81 79 76 78 74 67 84 85 79 82 87 90 87 93 92 82 80 79
 [47] 77 72 65 73 76 77 76 76 76 75 78 73 80 77 83 84 85 81 84 83 83 88 92 92 89 82 73 81 91 80 81 82 84 87 85 74 81 82 86 85 82 86 88 86 83 81
 [93] 81 81 82 86 85 87 89 90 90 92 86 86 82 80 79 77 79 76 78 78 77 72 75 79 81 86 88 97 94 96 94 91 92 93 93 87 84 80 78 75 73 81 76 77 71 71
[139] 78 67 76 68 82 64 71 81 69 63 70 77 75 76 68
> data
    Ozone Solar.R Wind Temp Month Day
1      41     190  7.4   67     5   1
2      36     118  8.0   72     5   2
3      12     149 12.6   74     5   3
4      18     313 11.5   62     5   4
5      NA      NA 14.3   56     5   5
6      28      NA 14.9   66     5   6
7      23     299  8.6   65     5   7
8      19      99 13.8   59     5   8
9       8      19 20.1   61     5   9
10     NA     194  8.6   69     5  10
11      7      NA  6.9   74     5  11
12     16     256  9.7   69     5  12
13     11     290  9.2   66     5  13
14     14     274 10.9   68     5  14
15     18      65 13.2   58     5  15
16     14     334 11.5   64     5  16
17     34     307 12.0   66     5  17
18      6      78 18.4   57     5  18
19     30     322 11.5   68     5  19
20     11      44  9.7   62     5  20
21      1       8  9.7   59     5  21
22     11     320 16.6   73     5  22
23      4      25  9.7   61     5  23
24     32      92 12.0   61     5  24
25     NA      66 16.6   57     5  25
26     NA     266 14.9   58     5  26
27     NA      NA  8.0   57     5  27
28     23      13 12.0   67     5  28
29     45     252 14.9   81     5  29
30    115     223  5.7   79     5  30
31     37     279  7.4   76     5  31
32     NA     286  8.6   78     6   1
33     NA     287  9.7   74     6   2
34     NA     242 16.1   67     6   3
35     NA     186  9.2   84     6   4
36     NA     220  8.6   85     6   5
37     NA     264 14.3   79     6   6
38     29     127  9.7   82     6   7
39     NA     273  6.9   87     6   8
40     71     291 13.8   90     6   9
41     39     323 11.5   87     6  10
42     NA     259 10.9   93     6  11
43     NA     250  9.2   92     6  12
44     23     148  8.0   82     6  13
45     NA     332 13.8   80     6  14
46     NA     322 11.5   79     6  15
47     21     191 14.9   77     6  16
48     37     284 20.7   72     6  17
49     20      37  9.2   65     6  18
50     12     120 11.5   73     6  19
51     13     137 10.3   76     6  20
52     NA     150  6.3   77     6  21
53     NA      59  1.7   76     6  22
54     NA      91  4.6   76     6  23
55     NA     250  6.3   76     6  24
56     NA     135  8.0   75     6  25
57     NA     127  8.0   78     6  26
58     NA      47 10.3   73     6  27
59     NA      98 11.5   80     6  28
60     NA      31 14.9   77     6  29
61     NA     138  8.0   83     6  30
62    135     269  4.1   84     7   1
63     49     248  9.2   85     7   2
64     32     236  9.2   81     7   3
65     NA     101 10.9   84     7   4
66     64     175  4.6   83     7   5
67     40     314 10.9   83     7   6
68     77     276  5.1   88     7   7
69     97     267  6.3   92     7   8
70     97     272  5.7   92     7   9
71     85     175  7.4   89     7  10
72     NA     139  8.6   82     7  11
73     10     264 14.3   73     7  12
74     27     175 14.9   81     7  13
75     NA     291 14.9   91     7  14
76      7      48 14.3   80     7  15
77     48     260  6.9   81     7  16
78     35     274 10.3   82     7  17
79     61     285  6.3   84     7  18
80     79     187  5.1   87     7  19
81     63     220 11.5   85     7  20
82     16       7  6.9   74     7  21
83     NA     258  9.7   81     7  22
84     NA     295 11.5   82     7  23
85     80     294  8.6   86     7  24
86    108     223  8.0   85     7  25
87     20      81  8.6   82     7  26
88     52      82 12.0   86     7  27
89     82     213  7.4   88     7  28
90     50     275  7.4   86     7  29
91     64     253  7.4   83     7  30
92     59     254  9.2   81     7  31
93     39      83  6.9   81     8   1
94      9      24 13.8   81     8   2
95     16      77  7.4   82     8   3
96     78      NA  6.9   86     8   4
97     35      NA  7.4   85     8   5
98     66      NA  4.6   87     8   6
99    122     255  4.0   89     8   7
100    89     229 10.3   90     8   8
101   110     207  8.0   90     8   9
102    NA     222  8.6   92     8  10
103    NA     137 11.5   86     8  11
104    44     192 11.5   86     8  12
105    28     273 11.5   82     8  13
106    65     157  9.7   80     8  14
107    NA      64 11.5   79     8  15
108    22      71 10.3   77     8  16
109    59      51  6.3   79     8  17
110    23     115  7.4   76     8  18
111    31     244 10.9   78     8  19
112    44     190 10.3   78     8  20
113    21     259 15.5   77     8  21
114     9      36 14.3   72     8  22
115    NA     255 12.6   75     8  23
116    45     212  9.7   79     8  24
117   168     238  3.4   81     8  25
118    73     215  8.0   86     8  26
119    NA     153  5.7   88     8  27
120    76     203  9.7   97     8  28
121   118     225  2.3   94     8  29
122    84     237  6.3   96     8  30
123    85     188  6.3   94     8  31
124    96     167  6.9   91     9   1
125    78     197  5.1   92     9   2
126    73     183  2.8   93     9   3
127    91     189  4.6   93     9   4
128    47      95  7.4   87     9   5
129    32      92 15.5   84     9   6
130    20     252 10.9   80     9   7
131    23     220 10.3   78     9   8
132    21     230 10.9   75     9   9
133    24     259  9.7   73     9  10
134    44     236 14.9   81     9  11
135    21     259 15.5   76     9  12
136    28     238  6.3   77     9  13
137     9      24 10.9   71     9  14
138    13     112 11.5   71     9  15
139    46     237  6.9   78     9  16
140    18     224 13.8   67     9  17
141    13      27 10.3   76     9  18
142    24     238 10.3   68     9  19
143    16     201  8.0   82     9  20
144    13     238 12.6   64     9  21
145    23      14  9.2   71     9  22
146    36     139 10.3   81     9  23
147     7      49 10.3   69     9  24
148    14      20 16.6   63     9  25
149    30     193  6.9   70     9  26
150    NA     145 13.2   77     9  27
151    14     191 14.3   75     9  28
152    18     131  8.0   76     9  29
153    20     223 11.5   68     9  30
> newdata <- data[Month=6]
Error in `[.data.frame`(data, Month = 6) : unused argument (Month = 6)
> newdata <- data[Month==6]
Error in `[.data.frame`(data, Month == 6) : object 'Month' not found
> newdata<- subset(data, Month==6)
> newdata
   Ozone Solar.R Wind Temp Month Day
32    NA     286  8.6   78     6   1
33    NA     287  9.7   74     6   2
34    NA     242 16.1   67     6   3
35    NA     186  9.2   84     6   4
36    NA     220  8.6   85     6   5
37    NA     264 14.3   79     6   6
38    29     127  9.7   82     6   7
39    NA     273  6.9   87     6   8
40    71     291 13.8   90     6   9
41    39     323 11.5   87     6  10
42    NA     259 10.9   93     6  11
43    NA     250  9.2   92     6  12
44    23     148  8.0   82     6  13
45    NA     332 13.8   80     6  14
46    NA     322 11.5   79     6  15
47    21     191 14.9   77     6  16
48    37     284 20.7   72     6  17
49    20      37  9.2   65     6  18
50    12     120 11.5   73     6  19
51    13     137 10.3   76     6  20
52    NA     150  6.3   77     6  21
53    NA      59  1.7   76     6  22
54    NA      91  4.6   76     6  23
55    NA     250  6.3   76     6  24
56    NA     135  8.0   75     6  25
57    NA     127  8.0   78     6  26
58    NA      47 10.3   73     6  27
59    NA      98 11.5   80     6  28
60    NA      31 14.9   77     6  29
61    NA     138  8.0   83     6  30
> summary(newdata[4])
      Temp      
 Min.   :65.00  
 1st Qu.:76.00  
 Median :78.00  
 Mean   :79.10  
 3rd Qu.:82.75  
 Max.   :93.00  
> newdata<- subset(data, Month==5)
> newdata
   Ozone Solar.R Wind Temp Month Day
1     41     190  7.4   67     5   1
2     36     118  8.0   72     5   2
3     12     149 12.6   74     5   3
4     18     313 11.5   62     5   4
5     NA      NA 14.3   56     5   5
6     28      NA 14.9   66     5   6
7     23     299  8.6   65     5   7
8     19      99 13.8   59     5   8
9      8      19 20.1   61     5   9
10    NA     194  8.6   69     5  10
11     7      NA  6.9   74     5  11
12    16     256  9.7   69     5  12
13    11     290  9.2   66     5  13
14    14     274 10.9   68     5  14
15    18      65 13.2   58     5  15
16    14     334 11.5   64     5  16
17    34     307 12.0   66     5  17
18     6      78 18.4   57     5  18
19    30     322 11.5   68     5  19
20    11      44  9.7   62     5  20
21     1       8  9.7   59     5  21
22    11     320 16.6   73     5  22
23     4      25  9.7   61     5  23
24    32      92 12.0   61     5  24
25    NA      66 16.6   57     5  25
26    NA     266 14.9   58     5  26
27    NA      NA  8.0   57     5  27
28    23      13 12.0   67     5  28
29    45     252 14.9   81     5  29
30   115     223  5.7   79     5  30
31    37     279  7.4   76     5  31
> summary9newdata[1])
Error: unexpected ')' in "summary9newdata[1])"
> summary(newdata[1])
     Ozone       
 Min.   :  1.00  
 1st Qu.: 11.00  
 Median : 18.00  
 Mean   : 23.62  
 3rd Qu.: 31.50  
 Max.   :115.00  
 NA's   :5       
> newdata<- subset(data, Ozone>31)
> newdata
    Ozone Solar.R Wind Temp Month Day
1      41     190  7.4   67     5   1
2      36     118  8.0   72     5   2
17     34     307 12.0   66     5  17
24     32      92 12.0   61     5  24
29     45     252 14.9   81     5  29
30    115     223  5.7   79     5  30
31     37     279  7.4   76     5  31
40     71     291 13.8   90     6   9
41     39     323 11.5   87     6  10
48     37     284 20.7   72     6  17
62    135     269  4.1   84     7   1
63     49     248  9.2   85     7   2
64     32     236  9.2   81     7   3
66     64     175  4.6   83     7   5
67     40     314 10.9   83     7   6
68     77     276  5.1   88     7   7
69     97     267  6.3   92     7   8
70     97     272  5.7   92     7   9
71     85     175  7.4   89     7  10
77     48     260  6.9   81     7  16
78     35     274 10.3   82     7  17
79     61     285  6.3   84     7  18
80     79     187  5.1   87     7  19
81     63     220 11.5   85     7  20
85     80     294  8.6   86     7  24
86    108     223  8.0   85     7  25
88     52      82 12.0   86     7  27
89     82     213  7.4   88     7  28
90     50     275  7.4   86     7  29
91     64     253  7.4   83     7  30
92     59     254  9.2   81     7  31
93     39      83  6.9   81     8   1
96     78      NA  6.9   86     8   4
97     35      NA  7.4   85     8   5
98     66      NA  4.6   87     8   6
99    122     255  4.0   89     8   7
100    89     229 10.3   90     8   8
101   110     207  8.0   90     8   9
104    44     192 11.5   86     8  12
106    65     157  9.7   80     8  14
109    59      51  6.3   79     8  17
112    44     190 10.3   78     8  20
116    45     212  9.7   79     8  24
117   168     238  3.4   81     8  25
118    73     215  8.0   86     8  26
120    76     203  9.7   97     8  28
121   118     225  2.3   94     8  29
122    84     237  6.3   96     8  30
123    85     188  6.3   94     8  31
124    96     167  6.9   91     9   1
125    78     197  5.1   92     9   2
126    73     183  2.8   93     9   3
127    91     189  4.6   93     9   4
128    47      95  7.4   87     9   5
129    32      92 15.5   84     9   6
134    44     236 14.9   81     9  11
139    46     237  6.9   78     9  16
146    36     139 10.3   81     9  23
> newerdata<- subset(newdata, Temp>90)
> newerdata
    Ozone Solar.R Wind Temp Month Day
69     97     267  6.3   92     7   8
70     97     272  5.7   92     7   9
120    76     203  9.7   97     8  28
121   118     225  2.3   94     8  29
122    84     237  6.3   96     8  30
123    85     188  6.3   94     8  31
124    96     167  6.9   91     9   1
125    78     197  5.1   92     9   2
126    73     183  2.8   93     9   3
127    91     189  4.6   93     9   4
> summary(newerdata[2])
    Solar.R     
 Min.   :167.0  
 1st Qu.:188.2  
 Median :200.0  
 Mean   :212.8  
 3rd Qu.:234.0  
 Max.   :272.0  
> data
    Ozone Solar.R Wind Temp Month Day
1      41     190  7.4   67     5   1
2      36     118  8.0   72     5   2
3      12     149 12.6   74     5   3
4      18     313 11.5   62     5   4
5      NA      NA 14.3   56     5   5
6      28      NA 14.9   66     5   6
7      23     299  8.6   65     5   7
8      19      99 13.8   59     5   8
9       8      19 20.1   61     5   9
10     NA     194  8.6   69     5  10
11      7      NA  6.9   74     5  11
12     16     256  9.7   69     5  12
13     11     290  9.2   66     5  13
14     14     274 10.9   68     5  14
15     18      65 13.2   58     5  15
16     14     334 11.5   64     5  16
17     34     307 12.0   66     5  17
18      6      78 18.4   57     5  18
19     30     322 11.5   68     5  19
20     11      44  9.7   62     5  20
21      1       8  9.7   59     5  21
22     11     320 16.6   73     5  22
23      4      25  9.7   61     5  23
24     32      92 12.0   61     5  24
25     NA      66 16.6   57     5  25
26     NA     266 14.9   58     5  26
27     NA      NA  8.0   57     5  27
28     23      13 12.0   67     5  28
29     45     252 14.9   81     5  29
30    115     223  5.7   79     5  30
31     37     279  7.4   76     5  31
32     NA     286  8.6   78     6   1
33     NA     287  9.7   74     6   2
34     NA     242 16.1   67     6   3
35     NA     186  9.2   84     6   4
36     NA     220  8.6   85     6   5
37     NA     264 14.3   79     6   6
38     29     127  9.7   82     6   7
39     NA     273  6.9   87     6   8
40     71     291 13.8   90     6   9
41     39     323 11.5   87     6  10
42     NA     259 10.9   93     6  11
43     NA     250  9.2   92     6  12
44     23     148  8.0   82     6  13
45     NA     332 13.8   80     6  14
46     NA     322 11.5   79     6  15
47     21     191 14.9   77     6  16
48     37     284 20.7   72     6  17
49     20      37  9.2   65     6  18
50     12     120 11.5   73     6  19
51     13     137 10.3   76     6  20
52     NA     150  6.3   77     6  21
53     NA      59  1.7   76     6  22
54     NA      91  4.6   76     6  23
55     NA     250  6.3   76     6  24
56     NA     135  8.0   75     6  25
57     NA     127  8.0   78     6  26
58     NA      47 10.3   73     6  27
59     NA      98 11.5   80     6  28
60     NA      31 14.9   77     6  29
61     NA     138  8.0   83     6  30
62    135     269  4.1   84     7   1
63     49     248  9.2   85     7   2
64     32     236  9.2   81     7   3
65     NA     101 10.9   84     7   4
66     64     175  4.6   83     7   5
67     40     314 10.9   83     7   6
68     77     276  5.1   88     7   7
69     97     267  6.3   92     7   8
70     97     272  5.7   92     7   9
71     85     175  7.4   89     7  10
72     NA     139  8.6   82     7  11
73     10     264 14.3   73     7  12
74     27     175 14.9   81     7  13
75     NA     291 14.9   91     7  14
76      7      48 14.3   80     7  15
77     48     260  6.9   81     7  16
78     35     274 10.3   82     7  17
79     61     285  6.3   84     7  18
80     79     187  5.1   87     7  19
81     63     220 11.5   85     7  20
82     16       7  6.9   74     7  21
83     NA     258  9.7   81     7  22
84     NA     295 11.5   82     7  23
85     80     294  8.6   86     7  24
86    108     223  8.0   85     7  25
87     20      81  8.6   82     7  26
88     52      82 12.0   86     7  27
89     82     213  7.4   88     7  28
90     50     275  7.4   86     7  29
91     64     253  7.4   83     7  30
92     59     254  9.2   81     7  31
93     39      83  6.9   81     8   1
94      9      24 13.8   81     8   2
95     16      77  7.4   82     8   3
96     78      NA  6.9   86     8   4
97     35      NA  7.4   85     8   5
98     66      NA  4.6   87     8   6
99    122     255  4.0   89     8   7
100    89     229 10.3   90     8   8
101   110     207  8.0   90     8   9
102    NA     222  8.6   92     8  10
103    NA     137 11.5   86     8  11
104    44     192 11.5   86     8  12
105    28     273 11.5   82     8  13
106    65     157  9.7   80     8  14
107    NA      64 11.5   79     8  15
108    22      71 10.3   77     8  16
109    59      51  6.3   79     8  17
110    23     115  7.4   76     8  18
111    31     244 10.9   78     8  19
112    44     190 10.3   78     8  20
113    21     259 15.5   77     8  21
114     9      36 14.3   72     8  22
115    NA     255 12.6   75     8  23
116    45     212  9.7   79     8  24
117   168     238  3.4   81     8  25
118    73     215  8.0   86     8  26
119    NA     153  5.7   88     8  27
120    76     203  9.7   97     8  28
121   118     225  2.3   94     8  29
122    84     237  6.3   96     8  30
123    85     188  6.3   94     8  31
124    96     167  6.9   91     9   1
125    78     197  5.1   92     9   2
126    73     183  2.8   93     9   3
127    91     189  4.6   93     9   4
128    47      95  7.4   87     9   5
129    32      92 15.5   84     9   6
130    20     252 10.9   80     9   7
131    23     220 10.3   78     9   8
132    21     230 10.9   75     9   9
133    24     259  9.7   73     9  10
134    44     236 14.9   81     9  11
135    21     259 15.5   76     9  12
136    28     238  6.3   77     9  13
137     9      24 10.9   71     9  14
138    13     112 11.5   71     9  15
139    46     237  6.9   78     9  16
140    18     224 13.8   67     9  17
141    13      27 10.3   76     9  18
142    24     238 10.3   68     9  19
143    16     201  8.0   82     9  20
144    13     238 12.6   64     9  21
145    23      14  9.2   71     9  22
146    36     139 10.3   81     9  23
147     7      49 10.3   69     9  24
148    14      20 16.6   63     9  25
149    30     193  6.9   70     9  26
150    NA     145 13.2   77     9  27
151    14     191 14.3   75     9  28
152    18     131  8.0   76     9  29
153    20     223 11.5   68     9  30
> save.image("C:\\Users\\sshukla\\class_2\\Workspace1")
> 
